Nov 29 02:38:36 admin1-HP-EliteBook-Folio-9480m kernel: [    0.000000] Linux version 4.15.0-29-generic (buildd@lgw01-amd64-057) (gcc version 7.3.0 (Ubuntu 7.3.0-16ubuntu3)) #31-Ubuntu SMP Tue Jul 17 15:39:52 UTC 2018 (Ubuntu 4.15.0-29.31-generic 4.15.18)
Nov 29 02:38:36 admin1-HP-EliteBook-Folio-9480m kernel: [    0.000000] Command line: BOOT_IMAGE=/boot/vmlinuz-4.15.0-29-generic root=UUID=a20eddb3-9a8e-4897-b5bc-474e0426c64c ro quiet splash vt.handoff=1
Nov 29 02:38:36 admin1-HP-EliteBook-Folio-9480m kernel: [    0.000000] KERNEL supported cpus:
Nov 29 02:38:36 admin1-HP-EliteBook-Folio-9480m kernel: [    0.000000]   Intel GenuineIntel
Nov 29 02:38:36 admin1-HP-EliteBook-Folio-9480m kernel: [    0.000000]   AMD AuthenticAMD
Nov 29 02:38:36 admin1-HP-EliteBook-Folio-9480m kernel: [    0.000000]   Centaur CentaurHauls
Nov 29 02:38:36 admin1-HP-EliteBook-Folio-9480m kernel: [    0.000000] x86/fpu: Supporting XSAVE feature 0x001: 'x87 floating point registers'
Nov 29 02:38:36 admin1-HP-EliteBook-Folio-9480m kernel: [    0.000000] x86/fpu: Supporting XSAVE feature 0x002: 'SSE registers'
Nov 29 02:38:36 admin1-HP-EliteBook-Folio-9480m kernel: [    0.000000] x86/fpu: Supporting XSAVE feature 0x004: 'AVX registers'
Nov 29 02:38:36 admin1-HP-EliteBook-Folio-9480m kernel: [    0.000000] x86/fpu: xstate_offset[2]:  576, xstate_sizes[2]:  256
Nov 29 02:38:36 admin1-HP-EliteBook-Folio-9480m kernel: [    0.000000] x86/fpu: Enabled xstate features 0x7, context size is 832 bytes, using 'standard' format.
Nov 29 02:38:36 admin1-HP-EliteBook-Folio-9480m kernel: [    0.000000] e820: BIOS-provided physical RAM map:
Nov 29 02:38:36 admin1-HP-EliteBook-Folio-9480m kernel: [    0.000000] BIOS-e820: [mem 0x0000000000000000-0x0000000000057fff] usable
Nov 29 02:38:36 admin1-HP-EliteBook-Folio-9480m kernel: [    0.000000] BIOS-e820: [mem 0x0000000000058000-0x0000000000058fff] reserved
Nov 29 02:38:36 admin1-HP-EliteBook-Folio-9480m kernel: [    0.000000] BIOS-e820: [mem 0x0000000000059000-0x0000000000097fff] usable
Nov 29 02:38:36 admin1-HP-EliteBook-Folio-9480m kernel: [    0.000000] BIOS-e820: [mem 0x0000000000098000-0x000000000009ffff] reserved
Nov 29 02:38:36 admin1-HP-EliteBook-Folio-9480m kernel: [    0.000000] BIOS-e820: [mem 0x0000000000100000-0x00000000a8b7efff] usable
Nov 29 02:38:36 admin1-HP-EliteBook-Folio-9480m kernel: [    0.000000] BIOS-e820: [mem 0x00000000a8b7f000-0x00000000a927efff] type 20
Nov 29 02:38:36 admin1-HP-EliteBook-Folio-9480m kernel: [    0.000000] BIOS-e820: [mem 0x00000000a927f000-0x00000000a9e7efff] reserved
Nov 29 02:38:36 admin1-HP-EliteBook-Folio-9480m kernel: [    0.000000] BIOS-e820: [mem 0x00000000a9e7f000-0x00000000a9f7efff] ACPI NVS
Nov 29 02:38:36 admin1-HP-EliteBook-Folio-9480m kernel: [    0.000000] BIOS-e820: [mem 0x00000000a9f7f000-0x00000000a9ffefff] ACPI data
Nov 29 02:38:36 admin1-HP-EliteBook-Folio-9480m kernel: [    0.000000] BIOS-e820: [mem 0x00000000a9fff000-0x00000000a9ffffff] usable
Nov 29 02:38:36 admin1-HP-EliteBook-Folio-9480m kernel: [    0.000000] BIOS-e820: [mem 0x00000000e00f8000-0x00000000e00f8fff] reserved
Nov 29 02:38:36 admin1-HP-EliteBook-Folio-9480m kernel: [    0.000000] BIOS-e820: [mem 0x00000000fed1c000-0x00000000fed1ffff] reserved
Nov 29 02:38:36 admin1-HP-EliteBook-Folio-9480m kernel: [    0.000000] BIOS-e820: [mem 0x00000000ff650000-0x00000000ff66efff] reserved
Nov 29 02:38:36 admin1-HP-EliteBook-Folio-9480m kernel: [    0.000000] BIOS-e820: [mem 0x0000000100000000-0x000000024fdfffff] usable
Nov 29 02:38:36 admin1-HP-EliteBook-Folio-9480m kernel: [    0.000000] NX (Execute Disable) protection: active
Nov 29 02:38:36 admin1-HP-EliteBook-Folio-9480m kernel: [    0.000000] efi: EFI v2.31 by HPQ
Nov 29 02:38:36 admin1-HP-EliteBook-Folio-9480m kernel: [    0.000000] efi:  ACPI=0xa9ffe000  ACPI 2.0=0xa9ffe014  SMBIOS=0xa9334218 
Nov 29 02:38:36 admin1-HP-EliteBook-Folio-9480m kernel: [    0.000000] secureboot: Secure boot could not be determined (mode 0)
Nov 29 02:38:36 admin1-HP-EliteBook-Folio-9480m kernel: [    0.000000] SMBIOS 2.7 present.
Nov 29 02:38:36 admin1-HP-EliteBook-Folio-9480m kernel: [    0.000000] DMI: Hewlett-Packard HP EliteBook Folio 9480m/22DA, BIOS M85 Ver. 01.42 01/25/2018
Nov 29 02:38:36 admin1-HP-EliteBook-Folio-9480m kernel: [    0.000000] e820: update [mem 0x00000000-0x00000fff] usable ==> reserved
Nov 29 02:38:36 admin1-HP-EliteBook-Folio-9480m kernel: [    0.000000] e820: remove [mem 0x000a0000-0x000fffff] usable
Nov 29 02:38:36 admin1-HP-EliteBook-Folio-9480m kernel: [    0.000000] e820: last_pfn = 0x24fe00 max_arch_pfn = 0x400000000
Nov 29 02:38:36 admin1-HP-EliteBook-Folio-9480m kernel: [    0.000000] MTRR default type: uncachable
Nov 29 02:38:36 admin1-HP-EliteBook-Folio-9480m kernel: [    0.000000] MTRR fixed ranges enabled:
Nov 29 02:38:36 admin1-HP-EliteBook-Folio-9480m kernel: [    0.000000]   00000-9FFFF write-back
Nov 29 02:38:36 admin1-HP-EliteBook-Folio-9480m kernel: [    0.000000]   A0000-BFFFF uncachable
Nov 29 02:38:36 admin1-HP-EliteBook-Folio-9480m kernel: [    0.000000]   C0000-FFFFF write-protect
Nov 29 02:38:36 admin1-HP-EliteBook-Folio-9480m kernel: [    0.000000] MTRR variable ranges enabled:
Nov 29 02:38:36 admin1-HP-EliteBook-Folio-9480m kernel: [    0.000000]   0 base 00FF000000 mask 7FFF000000 write-protect
Nov 29 02:38:36 admin1-HP-EliteBook-Folio-9480m kernel: [    0.000000]   1 base 0000000000 mask 7F80000000 write-back
Nov 29 02:38:36 admin1-HP-EliteBook-Folio-9480m kernel: [    0.000000]   2 base 0080000000 mask 7FE0000000 write-back
Nov 29 02:38:36 admin1-HP-EliteBook-Folio-9480m kernel: [    0.000000]   3 base 00A0000000 mask 7FF8000000 write-back
Nov 29 02:38:36 admin1-HP-EliteBook-Folio-9480m kernel: [    0.000000]   4 base 00A8000000 mask 7FFC000000 write-back
Nov 29 02:38:36 admin1-HP-EliteBook-Folio-9480m kernel: [    0.000000]   5 base 0100000000 mask 7F00000000 write-back
Nov 29 02:38:36 admin1-HP-EliteBook-Folio-9480m kernel: [    0.000000]   6 base 0200000000 mask 7FC0000000 write-back
Nov 29 02:38:36 admin1-HP-EliteBook-Folio-9480m kernel: [    0.000000]   7 base 0240000000 mask 7FE0000000 write-back
Nov 29 02:38:36 admin1-HP-EliteBook-Folio-9480m kernel: [    0.000000]   8 base 0250000000 mask 7FF0000000 uncachable
Nov 29 02:38:36 admin1-HP-EliteBook-Folio-9480m kernel: [    0.000000]   9 base 024FE00000 mask 7FFFE00000 uncachable
Nov 29 02:38:36 admin1-HP-EliteBook-Folio-9480m kernel: [    0.000000] x86/PAT: Configuration [0-7]: WB  WC  UC- UC  WB  WP  UC- WT  
Nov 29 02:38:36 admin1-HP-EliteBook-Folio-9480m kernel: [    0.000000] e820: last_pfn = 0xaa000 max_arch_pfn = 0x400000000
Nov 29 02:38:36 admin1-HP-EliteBook-Folio-9480m kernel: [    0.000000] Scanning 1 areas for low memory corruption
Nov 29 02:38:36 admin1-HP-EliteBook-Folio-9480m kernel: [    0.000000] Base memory trampoline at [        (ptrval)] 73000 size 24576
Nov 29 02:38:36 admin1-HP-EliteBook-Folio-9480m kernel: [    0.000000] Using GB pages for direct mapping
Nov 29 02:38:36 admin1-HP-EliteBook-Folio-9480m kernel: [    0.000000] BRK [0x134f3f000, 0x134f3ffff] PGTABLE
Nov 29 02:38:36 admin1-HP-EliteBook-Folio-9480m kernel: [    0.000000] BRK [0x134f40000, 0x134f40fff] PGTABLE
Nov 29 02:38:36 admin1-HP-EliteBook-Folio-9480m kernel: [    0.000000] BRK [0x134f41000, 0x134f41fff] PGTABLE
Nov 29 02:38:36 admin1-HP-EliteBook-Folio-9480m kernel: [    0.000000] BRK [0x134f42000, 0x134f42fff] PGTABLE
Nov 29 02:38:36 admin1-HP-EliteBook-Folio-9480m kernel: [    0.000000] BRK [0x134f43000, 0x134f43fff] PGTABLE
Nov 29 02:38:36 admin1-HP-EliteBook-Folio-9480m kernel: [    0.000000] BRK [0x134f44000, 0x134f44fff] PGTABLE
Nov 29 02:38:36 admin1-HP-EliteBook-Folio-9480m kernel: [    0.000000] BRK [0x134f45000, 0x134f45fff] PGTABLE
Nov 29 02:38:36 admin1-HP-EliteBook-Folio-9480m kernel: [    0.000000] BRK [0x134f46000, 0x134f46fff] PGTABLE
Nov 29 02:38:36 admin1-HP-EliteBook-Folio-9480m kernel: [    0.000000] RAMDISK: [mem 0x31917000-0x34c82fff]
Nov 29 02:38:36 admin1-HP-EliteBook-Folio-9480m kernel: [    0.000000] ACPI: Early table checksum verification disabled
Nov 29 02:38:36 admin1-HP-EliteBook-Folio-9480m kernel: [    0.000000] ACPI: RSDP 0x00000000A9FFE014 000024 (v02 HPQOEM)
Nov 29 02:38:36 admin1-HP-EliteBook-Folio-9480m kernel: [    0.000000] ACPI: XSDT 0x00000000A9FFD0E8 0000A4 (v01 HPQOEM SLIC-MPC 00000001      01000013)
Nov 29 02:38:36 admin1-HP-EliteBook-Folio-9480m kernel: [    0.000000] ACPI: FACP 0x00000000A9FFB000 00010C (v05 HPQOEM 22DA     00000001 HP   00000001)
Nov 29 02:38:36 admin1-HP-EliteBook-Folio-9480m kernel: [    0.000000] ACPI: DSDT 0x00000000A9FCF000 026520 (v02 HPQOEM 22DA     00000001 INTL 20130927)
Nov 29 02:38:36 admin1-HP-EliteBook-Folio-9480m kernel: [    0.000000] ACPI: FACS 0x00000000A9F76000 000040
Nov 29 02:38:36 admin1-HP-EliteBook-Folio-9480m kernel: [    0.000000] ACPI: HPET 0x00000000A9FFA000 000038 (v01 HPQOEM 22DA     00000001 HP   00000001)
Nov 29 02:38:36 admin1-HP-EliteBook-Folio-9480m kernel: [    0.000000] ACPI: APIC 0x00000000A9FF9000 0000BC (v01 HPQOEM 22DA     00000001 HP   00000001)
Nov 29 02:38:36 admin1-HP-EliteBook-Folio-9480m kernel: [    0.000000] ACPI: MCFG 0x00000000A9FF8000 00003C (v01 HPQOEM 22DA     00000001 HP   00000001)
Nov 29 02:38:36 admin1-HP-EliteBook-Folio-9480m kernel: [    0.000000] ACPI: TCPA 0x00000000A9FF6000 000032 (v02 HPQOEM 22DA     00000000 HP   00000001)
Nov 29 02:38:36 admin1-HP-EliteBook-Folio-9480m kernel: [    0.000000] ACPI: SSDT 0x00000000A9FCC000 0002D9 (v01 HPQOEM SataAhci 00001000 INTL 20130927)
Nov 29 02:38:36 admin1-HP-EliteBook-Folio-9480m kernel: [    0.000000] ACPI: SSDT 0x00000000A9FCB000 00048A (v01 HPQOEM PtidDevc 00001000 INTL 20130927)
Nov 29 02:38:36 admin1-HP-EliteBook-Folio-9480m kernel: [    0.000000] ACPI: SLIC 0x00000000A9FCA000 000176 (v01 HPQOEM SLIC-MPC 00000001 HP   00000001)
Nov 29 02:38:36 admin1-HP-EliteBook-Folio-9480m kernel: [    0.000000] ACPI: MSDM 0x00000000A9FC9000 000055 (v03 HPQOEM SLIC-MPC 00000000 HP   00000001)
Nov 29 02:38:36 admin1-HP-EliteBook-Folio-9480m kernel: [    0.000000] ACPI: FPDT 0x00000000A9FC8000 000044 (v01 HPQOEM 22DA     00000001 HP   00000001)
Nov 29 02:38:36 admin1-HP-EliteBook-Folio-9480m kernel: [    0.000000] ACPI: BGRT 0x00000000A9FC7000 000038 (v00 HPQOEM 22DA     00000001 HP   00000001)
Nov 29 02:38:36 admin1-HP-EliteBook-Folio-9480m kernel: [    0.000000] ACPI: SSDT 0x00000000A9FC4000 000544 (v02 PmRef  Cpu0Ist  00003000 INTL 20130927)
Nov 29 02:38:36 admin1-HP-EliteBook-Folio-9480m kernel: [    0.000000] ACPI: SSDT 0x00000000A9FC3000 000B8F (v02 CpuRef CpuSsdt  00003000 INTL 20130927)
Nov 29 02:38:36 admin1-HP-EliteBook-Folio-9480m kernel: [    0.000000] ACPI: SSDT 0x00000000A9FC2000 0001D5 (v02 PmRef  LakeTiny 00003000 INTL 20130927)
Nov 29 02:38:36 admin1-HP-EliteBook-Folio-9480m kernel: [    0.000000] ACPI: SSDT 0x00000000A9FC1000 00092C (v02 SaSsdt SaSsdt   00003000 INTL 20130927)
Nov 29 02:38:36 admin1-HP-EliteBook-Folio-9480m kernel: [    0.000000] ACPI: ASF! 0x00000000A9FF7000 0000A5 (v32 HPQOEM 22DA     00000001 HP   00000001)
Nov 29 02:38:36 admin1-HP-EliteBook-Folio-9480m kernel: [    0.000000] ACPI: Local APIC address 0xfee00000
Nov 29 02:38:36 admin1-HP-EliteBook-Folio-9480m kernel: [    0.000000] No NUMA configuration found
Nov 29 02:38:36 admin1-HP-EliteBook-Folio-9480m kernel: [    0.000000] Faking a node at [mem 0x0000000000000000-0x000000024fdfffff]
Nov 29 02:38:36 admin1-HP-EliteBook-Folio-9480m kernel: [    0.000000] NODE_DATA(0) allocated [mem 0x24fdd5000-0x24fdfffff]
Nov 29 02:38:36 admin1-HP-EliteBook-Folio-9480m kernel: [    0.000000] tsc: Fast TSC calibration using PIT
Nov 29 02:38:36 admin1-HP-EliteBook-Folio-9480m kernel: [    0.000000] Zone ranges:
Nov 29 02:38:36 admin1-HP-EliteBook-Folio-9480m kernel: [    0.000000]   DMA      [mem 0x0000000000001000-0x0000000000ffffff]
Nov 29 02:38:36 admin1-HP-EliteBook-Folio-9480m kernel: [    0.000000]   DMA32    [mem 0x0000000001000000-0x00000000ffffffff]
Nov 29 02:38:36 admin1-HP-EliteBook-Folio-9480m kernel: [    0.000000]   Normal   [mem 0x0000000100000000-0x000000024fdfffff]
Nov 29 02:38:36 admin1-HP-EliteBook-Folio-9480m kernel: [    0.000000]   Device   empty
Nov 29 02:38:36 admin1-HP-EliteBook-Folio-9480m kernel: [    0.000000] Movable zone start for each node
Nov 29 02:38:36 admin1-HP-EliteBook-Folio-9480m kernel: [    0.000000] Early memory node ranges
Nov 29 02:38:36 admin1-HP-EliteBook-Folio-9480m kernel: [    0.000000]   node   0: [mem 0x0000000000001000-0x0000000000057fff]
Nov 29 02:38:36 admin1-HP-EliteBook-Folio-9480m kernel: [    0.000000]   node   0: [mem 0x0000000000059000-0x0000000000097fff]
Nov 29 02:38:36 admin1-HP-EliteBook-Folio-9480m kernel: [    0.000000]   node   0: [mem 0x0000000000100000-0x00000000a8b7efff]
Nov 29 02:38:36 admin1-HP-EliteBook-Folio-9480m kernel: [    0.000000]   node   0: [mem 0x00000000a9fff000-0x00000000a9ffffff]
Nov 29 02:38:36 admin1-HP-EliteBook-Folio-9480m kernel: [    0.000000]   node   0: [mem 0x0000000100000000-0x000000024fdfffff]
Nov 29 02:38:36 admin1-HP-EliteBook-Folio-9480m kernel: [    0.000000] Initmem setup node 0 [mem 0x0000000000001000-0x000000024fdfffff]
Nov 29 02:38:36 admin1-HP-EliteBook-Folio-9480m kernel: [    0.000000] On node 0 totalpages: 2066710
Nov 29 02:38:36 admin1-HP-EliteBook-Folio-9480m kernel: [    0.000000]   DMA zone: 64 pages used for memmap
Nov 29 02:38:36 admin1-HP-EliteBook-Folio-9480m kernel: [    0.000000]   DMA zone: 1073 pages reserved
Nov 29 02:38:36 admin1-HP-EliteBook-Folio-9480m kernel: [    0.000000]   DMA zone: 3990 pages, LIFO batch:0
Nov 29 02:38:36 admin1-HP-EliteBook-Folio-9480m kernel: [    0.000000]   DMA32 zone: 10734 pages used for memmap
Nov 29 02:38:36 admin1-HP-EliteBook-Folio-9480m kernel: [    0.000000]   DMA32 zone: 686976 pages, LIFO batch:31
Nov 29 02:38:36 admin1-HP-EliteBook-Folio-9480m kernel: [    0.000000]   Normal zone: 21496 pages used for memmap
Nov 29 02:38:36 admin1-HP-EliteBook-Folio-9480m kernel: [    0.000000]   Normal zone: 1375744 pages, LIFO batch:31
Nov 29 02:38:36 admin1-HP-EliteBook-Folio-9480m kernel: [    0.000000] Reserved but unavailable: 100 pages
Nov 29 02:38:36 admin1-HP-EliteBook-Folio-9480m kernel: [    0.000000] Reserving Intel graphics memory at 0x00000000ac200000-0x00000000ae1fffff
Nov 29 02:38:36 admin1-HP-EliteBook-Folio-9480m kernel: [    0.000000] ACPI: PM-Timer IO Port: 0x1808
Nov 29 02:38:36 admin1-HP-EliteBook-Folio-9480m kernel: [    0.000000] ACPI: Local APIC address 0xfee00000
Nov 29 02:38:36 admin1-HP-EliteBook-Folio-9480m kernel: [    0.000000] ACPI: LAPIC_NMI (acpi_id[0x00] high edge lint[0x1])
Nov 29 02:38:36 admin1-HP-EliteBook-Folio-9480m kernel: [    0.000000] ACPI: LAPIC_NMI (acpi_id[0x01] high edge lint[0x1])
Nov 29 02:38:36 admin1-HP-EliteBook-Folio-9480m kernel: [    0.000000] ACPI: LAPIC_NMI (acpi_id[0x02] high edge lint[0x1])
Nov 29 02:38:36 admin1-HP-EliteBook-Folio-9480m kernel: [    0.000000] ACPI: LAPIC_NMI (acpi_id[0x03] high edge lint[0x1])
Nov 29 02:38:36 admin1-HP-EliteBook-Folio-9480m kernel: [    0.000000] ACPI: LAPIC_NMI (acpi_id[0x04] high edge lint[0x1])
Nov 29 02:38:36 admin1-HP-EliteBook-Folio-9480m kernel: [    0.000000] ACPI: LAPIC_NMI (acpi_id[0x05] high edge lint[0x1])
Nov 29 02:38:36 admin1-HP-EliteBook-Folio-9480m kernel: [    0.000000] ACPI: LAPIC_NMI (acpi_id[0x06] high edge lint[0x1])
Nov 29 02:38:36 admin1-HP-EliteBook-Folio-9480m kernel: [    0.000000] ACPI: LAPIC_NMI (acpi_id[0x07] high edge lint[0x1])
Nov 29 02:38:36 admin1-HP-EliteBook-Folio-9480m kernel: [    0.000000] IOAPIC[0]: apic_id 0, version 32, address 0xfec00000, GSI 0-39
Nov 29 02:38:36 admin1-HP-EliteBook-Folio-9480m kernel: [    0.000000] ACPI: INT_SRC_OVR (bus 0 bus_irq 0 global_irq 2 dfl dfl)
Nov 29 02:38:36 admin1-HP-EliteBook-Folio-9480m kernel: [    0.000000] ACPI: INT_SRC_OVR (bus 0 bus_irq 9 global_irq 9 high level)
Nov 29 02:38:36 admin1-HP-EliteBook-Folio-9480m kernel: [    0.000000] ACPI: IRQ0 used by override.
Nov 29 02:38:36 admin1-HP-EliteBook-Folio-9480m kernel: [    0.000000] ACPI: IRQ9 used by override.
Nov 29 02:38:36 admin1-HP-EliteBook-Folio-9480m kernel: [    0.000000] Using ACPI (MADT) for SMP configuration information
Nov 29 02:38:36 admin1-HP-EliteBook-Folio-9480m kernel: [    0.000000] ACPI: HPET id: 0x8086a201 base: 0xfed00000
Nov 29 02:38:36 admin1-HP-EliteBook-Folio-9480m kernel: [    0.000000] smpboot: Allowing 8 CPUs, 4 hotplug CPUs
Nov 29 02:38:36 admin1-HP-EliteBook-Folio-9480m kernel: [    0.000000] PM: Registered nosave memory: [mem 0x00000000-0x00000fff]
Nov 29 02:38:36 admin1-HP-EliteBook-Folio-9480m kernel: [    0.000000] PM: Registered nosave memory: [mem 0x00058000-0x00058fff]
Nov 29 02:38:36 admin1-HP-EliteBook-Folio-9480m kernel: [    0.000000] PM: Registered nosave memory: [mem 0x00098000-0x0009ffff]
Nov 29 02:38:36 admin1-HP-EliteBook-Folio-9480m kernel: [    0.000000] PM: Registered nosave memory: [mem 0x000a0000-0x000fffff]
Nov 29 02:38:36 admin1-HP-EliteBook-Folio-9480m kernel: [    0.000000] PM: Registered nosave memory: [mem 0xa8b7f000-0xa927efff]
Nov 29 02:38:36 admin1-HP-EliteBook-Folio-9480m kernel: [    0.000000] PM: Registered nosave memory: [mem 0xa927f000-0xa9e7efff]
Nov 29 02:38:36 admin1-HP-EliteBook-Folio-9480m kernel: [    0.000000] PM: Registered nosave memory: [mem 0xa9e7f000-0xa9f7efff]
Nov 29 02:38:36 admin1-HP-EliteBook-Folio-9480m kernel: [    0.000000] PM: Registered nosave memory: [mem 0xa9f7f000-0xa9ffefff]
Nov 29 02:38:36 admin1-HP-EliteBook-Folio-9480m kernel: [    0.000000] PM: Registered nosave memory: [mem 0xaa000000-0xac1fffff]
Nov 29 02:38:36 admin1-HP-EliteBook-Folio-9480m kernel: [    0.000000] PM: Registered nosave memory: [mem 0xac200000-0xae1fffff]
Nov 29 02:38:36 admin1-HP-EliteBook-Folio-9480m kernel: [    0.000000] PM: Registered nosave memory: [mem 0xae200000-0xe00f7fff]
Nov 29 02:38:36 admin1-HP-EliteBook-Folio-9480m kernel: [    0.000000] PM: Registered nosave memory: [mem 0xe00f8000-0xe00f8fff]
Nov 29 02:38:36 admin1-HP-EliteBook-Folio-9480m kernel: [    0.000000] PM: Registered nosave memory: [mem 0xe00f9000-0xfed1bfff]
Nov 29 02:38:36 admin1-HP-EliteBook-Folio-9480m kernel: [    0.000000] PM: Registered nosave memory: [mem 0xfed1c000-0xfed1ffff]
Nov 29 02:38:36 admin1-HP-EliteBook-Folio-9480m kernel: [    0.000000] PM: Registered nosave memory: [mem 0xfed20000-0xff64ffff]
Nov 29 02:38:36 admin1-HP-EliteBook-Folio-9480m kernel: [    0.000000] PM: Registered nosave memory: [mem 0xff650000-0xff66efff]
Nov 29 02:38:36 admin1-HP-EliteBook-Folio-9480m kernel: [    0.000000] PM: Registered nosave memory: [mem 0xff66f000-0xffffffff]
Nov 29 02:38:36 admin1-HP-EliteBook-Folio-9480m kernel: [    0.000000] e820: [mem 0xae200000-0xe00f7fff] available for PCI devices
Nov 29 02:38:36 admin1-HP-EliteBook-Folio-9480m kernel: [    0.000000] Booting paravirtualized kernel on bare hardware
Nov 29 02:38:36 admin1-HP-EliteBook-Folio-9480m kernel: [    0.000000] clocksource: refined-jiffies: mask: 0xffffffff max_cycles: 0xffffffff, max_idle_ns: 7645519600211568 ns
Nov 29 02:38:36 admin1-HP-EliteBook-Folio-9480m kernel: [    0.000000] random: get_random_bytes called from start_kernel+0x99/0x4fd with crng_init=0
Nov 29 02:38:36 admin1-HP-EliteBook-Folio-9480m kernel: [    0.000000] setup_percpu: NR_CPUS:8192 nr_cpumask_bits:8 nr_cpu_ids:8 nr_node_ids:1
Nov 29 02:38:36 admin1-HP-EliteBook-Folio-9480m kernel: [    0.000000] percpu: Embedded 46 pages/cpu @        (ptrval) s151552 r8192 d28672 u262144
Nov 29 02:38:36 admin1-HP-EliteBook-Folio-9480m kernel: [    0.000000] pcpu-alloc: s151552 r8192 d28672 u262144 alloc=1*2097152
Nov 29 02:38:36 admin1-HP-EliteBook-Folio-9480m kernel: [    0.000000] pcpu-alloc: [0] 0 1 2 3 4 5 6 7 
Nov 29 02:38:36 admin1-HP-EliteBook-Folio-9480m kernel: [    0.000000] Built 1 zonelists, mobility grouping on.  Total pages: 2033343
Nov 29 02:38:36 admin1-HP-EliteBook-Folio-9480m kernel: [    0.000000] Policy zone: Normal
Nov 29 02:38:36 admin1-HP-EliteBook-Folio-9480m kernel: [    0.000000] Kernel command line: BOOT_IMAGE=/boot/vmlinuz-4.15.0-29-generic root=UUID=a20eddb3-9a8e-4897-b5bc-474e0426c64c ro quiet splash vt.handoff=1
Nov 29 02:38:36 admin1-HP-EliteBook-Folio-9480m kernel: [    0.000000] Calgary: detecting Calgary via BIOS EBDA area
Nov 29 02:38:36 admin1-HP-EliteBook-Folio-9480m kernel: [    0.000000] Calgary: Unable to locate Rio Grande table in EBDA - bailing!
Nov 29 02:38:36 admin1-HP-EliteBook-Folio-9480m kernel: [    0.000000] Memory: 7846208K/8266840K available (12300K kernel code, 2470K rwdata, 4240K rodata, 2408K init, 2416K bss, 420632K reserved, 0K cma-reserved)
Nov 29 02:38:36 admin1-HP-EliteBook-Folio-9480m kernel: [    0.000000] SLUB: HWalign=64, Order=0-3, MinObjects=0, CPUs=8, Nodes=1
Nov 29 02:38:36 admin1-HP-EliteBook-Folio-9480m kernel: [    0.000000] Kernel/User page tables isolation: enabled
Nov 29 02:38:36 admin1-HP-EliteBook-Folio-9480m kernel: [    0.000000] ftrace: allocating 39092 entries in 153 pages
Nov 29 02:38:36 admin1-HP-EliteBook-Folio-9480m kernel: [    0.000000] Hierarchical RCU implementation.
Nov 29 02:38:36 admin1-HP-EliteBook-Folio-9480m kernel: [    0.000000] 	RCU restricting CPUs from NR_CPUS=8192 to nr_cpu_ids=8.
Nov 29 02:38:36 admin1-HP-EliteBook-Folio-9480m kernel: [    0.000000] 	Tasks RCU enabled.
Nov 29 02:38:36 admin1-HP-EliteBook-Folio-9480m kernel: [    0.000000] RCU: Adjusting geometry for rcu_fanout_leaf=16, nr_cpu_ids=8
Nov 29 02:38:36 admin1-HP-EliteBook-Folio-9480m kernel: [    0.000000] NR_IRQS: 524544, nr_irqs: 760, preallocated irqs: 16
Nov 29 02:38:36 admin1-HP-EliteBook-Folio-9480m kernel: [    0.000000] vt handoff: transparent VT on vt#1
Nov 29 02:38:36 admin1-HP-EliteBook-Folio-9480m kernel: [    0.000000] Console: colour dummy device 80x25
Nov 29 02:38:36 admin1-HP-EliteBook-Folio-9480m kernel: [    0.000000] console [tty0] enabled
Nov 29 02:38:36 admin1-HP-EliteBook-Folio-9480m kernel: [    0.000000] ACPI: Core revision 20170831
Nov 29 02:38:36 admin1-HP-EliteBook-Folio-9480m kernel: [    0.000000] ACPI: 7 ACPI AML tables successfully acquired and loaded
Nov 29 02:38:36 admin1-HP-EliteBook-Folio-9480m kernel: [    0.000000] clocksource: hpet: mask: 0xffffffff max_cycles: 0xffffffff, max_idle_ns: 133484882848 ns
Nov 29 02:38:36 admin1-HP-EliteBook-Folio-9480m kernel: [    0.000000] hpet clockevent registered
Nov 29 02:38:36 admin1-HP-EliteBook-Folio-9480m kernel: [    0.000000] APIC: Switch to symmetric I/O mode setup
Nov 29 02:38:36 admin1-HP-EliteBook-Folio-9480m kernel: [    0.000000] x2apic: IRQ remapping doesn't support X2APIC mode
Nov 29 02:38:36 admin1-HP-EliteBook-Folio-9480m kernel: [    0.000000] ..TIMER: vector=0x30 apic1=0 pin1=2 apic2=-1 pin2=-1
Nov 29 02:38:36 admin1-HP-EliteBook-Folio-9480m kernel: [    0.020000] tsc: Fast TSC calibration using PIT
Nov 29 02:38:36 admin1-HP-EliteBook-Folio-9480m kernel: [    0.024000] tsc: Detected 2593.854 MHz processor
Nov 29 02:38:36 admin1-HP-EliteBook-Folio-9480m kernel: [    0.024000] Calibrating delay loop (skipped), value calculated using timer frequency.. 5187.70 BogoMIPS (lpj=10375416)
Nov 29 02:38:36 admin1-HP-EliteBook-Folio-9480m kernel: [    0.024000] pid_max: default: 32768 minimum: 301
Nov 29 02:38:36 admin1-HP-EliteBook-Folio-9480m kernel: [    0.036677] Security Framework initialized
Nov 29 02:38:36 admin1-HP-EliteBook-Folio-9480m kernel: [    0.036678] Yama: becoming mindful.
Nov 29 02:38:36 admin1-HP-EliteBook-Folio-9480m kernel: [    0.036709] AppArmor: AppArmor initialized
Nov 29 02:38:36 admin1-HP-EliteBook-Folio-9480m kernel: [    0.038046] Dentry cache hash table entries: 1048576 (order: 11, 8388608 bytes)
Nov 29 02:38:36 admin1-HP-EliteBook-Folio-9480m kernel: [    0.038718] Inode-cache hash table entries: 524288 (order: 10, 4194304 bytes)
Nov 29 02:38:36 admin1-HP-EliteBook-Folio-9480m kernel: [    0.038756] Mount-cache hash table entries: 16384 (order: 5, 131072 bytes)
Nov 29 02:38:36 admin1-HP-EliteBook-Folio-9480m kernel: [    0.038779] Mountpoint-cache hash table entries: 16384 (order: 5, 131072 bytes)
Nov 29 02:38:36 admin1-HP-EliteBook-Folio-9480m kernel: [    0.039026] CPU: Physical Processor ID: 0
Nov 29 02:38:36 admin1-HP-EliteBook-Folio-9480m kernel: [    0.039027] CPU: Processor Core ID: 0
Nov 29 02:38:36 admin1-HP-EliteBook-Folio-9480m kernel: [    0.039033] ENERGY_PERF_BIAS: Set to 'normal', was 'performance'
Nov 29 02:38:36 admin1-HP-EliteBook-Folio-9480m kernel: [    0.039034] ENERGY_PERF_BIAS: View and update with x86_energy_perf_policy(8)
Nov 29 02:38:36 admin1-HP-EliteBook-Folio-9480m kernel: [    0.039039] mce: CPU supports 7 MCE banks
Nov 29 02:38:36 admin1-HP-EliteBook-Folio-9480m kernel: [    0.039049] CPU0: Thermal monitoring enabled (TM1)
Nov 29 02:38:36 admin1-HP-EliteBook-Folio-9480m kernel: [    0.039062] process: using mwait in idle threads
Nov 29 02:38:36 admin1-HP-EliteBook-Folio-9480m kernel: [    0.039065] Last level iTLB entries: 4KB 1024, 2MB 1024, 4MB 1024
Nov 29 02:38:36 admin1-HP-EliteBook-Folio-9480m kernel: [    0.039065] Last level dTLB entries: 4KB 1024, 2MB 1024, 4MB 1024, 1GB 4
Nov 29 02:38:36 admin1-HP-EliteBook-Folio-9480m kernel: [    0.039067] Spectre V2 : Mitigation: Full generic retpoline
Nov 29 02:38:36 admin1-HP-EliteBook-Folio-9480m kernel: [    0.039068] Spectre V2 : Spectre v2 mitigation: Enabling Indirect Branch Prediction Barrier
Nov 29 02:38:36 admin1-HP-EliteBook-Folio-9480m kernel: [    0.039069] Spectre V2 : Enabling Restricted Speculation for firmware calls
Nov 29 02:38:36 admin1-HP-EliteBook-Folio-9480m kernel: [    0.039069] Speculative Store Bypass: Vulnerable
Nov 29 02:38:36 admin1-HP-EliteBook-Folio-9480m kernel: [    0.040004] Freeing SMP alternatives memory: 36K
Nov 29 02:38:36 admin1-HP-EliteBook-Folio-9480m kernel: [    0.046064] TSC deadline timer enabled
Nov 29 02:38:36 admin1-HP-EliteBook-Folio-9480m kernel: [    0.046067] smpboot: CPU0: Intel(R) Core(TM) i5-4310U CPU @ 2.00GHz (family: 0x6, model: 0x45, stepping: 0x1)
Nov 29 02:38:36 admin1-HP-EliteBook-Folio-9480m kernel: [    0.046151] Performance Events: PEBS fmt2+, Haswell events, 16-deep LBR, full-width counters, Intel PMU driver.
Nov 29 02:38:36 admin1-HP-EliteBook-Folio-9480m kernel: [    0.046201] ... version:                3
Nov 29 02:38:36 admin1-HP-EliteBook-Folio-9480m kernel: [    0.046202] ... bit width:              48
Nov 29 02:38:36 admin1-HP-EliteBook-Folio-9480m kernel: [    0.046203] ... generic registers:      4
Nov 29 02:38:36 admin1-HP-EliteBook-Folio-9480m kernel: [    0.046204] ... value mask:             0000ffffffffffff
Nov 29 02:38:36 admin1-HP-EliteBook-Folio-9480m kernel: [    0.046204] ... max period:             00007fffffffffff
Nov 29 02:38:36 admin1-HP-EliteBook-Folio-9480m kernel: [    0.046205] ... fixed-purpose events:   3
Nov 29 02:38:36 admin1-HP-EliteBook-Folio-9480m kernel: [    0.046206] ... event mask:             000000070000000f
Nov 29 02:38:36 admin1-HP-EliteBook-Folio-9480m kernel: [    0.046246] Hierarchical SRCU implementation.
Nov 29 02:38:36 admin1-HP-EliteBook-Folio-9480m kernel: [    0.047781] NMI watchdog: Enabled. Permanently consumes one hw-PMU counter.
Nov 29 02:38:36 admin1-HP-EliteBook-Folio-9480m kernel: [    0.047798] smp: Bringing up secondary CPUs ...
Nov 29 02:38:36 admin1-HP-EliteBook-Folio-9480m kernel: [    0.047884] x86: Booting SMP configuration:
Nov 29 02:38:36 admin1-HP-EliteBook-Folio-9480m kernel: [    0.047885] .... node  #0, CPUs:      #1 #2 #3
Nov 29 02:38:36 admin1-HP-EliteBook-Folio-9480m kernel: [    0.048000] smp: Brought up 1 node, 4 CPUs
Nov 29 02:38:36 admin1-HP-EliteBook-Folio-9480m kernel: [    0.048000] smpboot: Max logical packages: 2
Nov 29 02:38:36 admin1-HP-EliteBook-Folio-9480m kernel: [    0.048000] smpboot: Total of 4 processors activated (20750.83 BogoMIPS)
Nov 29 02:38:36 admin1-HP-EliteBook-Folio-9480m kernel: [    0.048320] devtmpfs: initialized
Nov 29 02:38:36 admin1-HP-EliteBook-Folio-9480m kernel: [    0.048320] x86/mm: Memory block size: 128MB
Nov 29 02:38:36 admin1-HP-EliteBook-Folio-9480m kernel: [    0.048821] evm: security.selinux
Nov 29 02:38:36 admin1-HP-EliteBook-Folio-9480m kernel: [    0.048822] evm: security.SMACK64
Nov 29 02:38:36 admin1-HP-EliteBook-Folio-9480m kernel: [    0.048823] evm: security.SMACK64EXEC
Nov 29 02:38:36 admin1-HP-EliteBook-Folio-9480m kernel: [    0.048823] evm: security.SMACK64TRANSMUTE
Nov 29 02:38:36 admin1-HP-EliteBook-Folio-9480m kernel: [    0.048824] evm: security.SMACK64MMAP
Nov 29 02:38:36 admin1-HP-EliteBook-Folio-9480m kernel: [    0.048824] evm: security.apparmor
Nov 29 02:38:36 admin1-HP-EliteBook-Folio-9480m kernel: [    0.048825] evm: security.ima
Nov 29 02:38:36 admin1-HP-EliteBook-Folio-9480m kernel: [    0.048826] evm: security.capability
Nov 29 02:38:36 admin1-HP-EliteBook-Folio-9480m kernel: [    0.048843] PM: Registering ACPI NVS region [mem 0xa9e7f000-0xa9f7efff] (1048576 bytes)
Nov 29 02:38:36 admin1-HP-EliteBook-Folio-9480m kernel: [    0.048843] clocksource: jiffies: mask: 0xffffffff max_cycles: 0xffffffff, max_idle_ns: 7645041785100000 ns
Nov 29 02:38:36 admin1-HP-EliteBook-Folio-9480m kernel: [    0.048843] futex hash table entries: 2048 (order: 5, 131072 bytes)
Nov 29 02:38:36 admin1-HP-EliteBook-Folio-9480m kernel: [    0.048843] pinctrl core: initialized pinctrl subsystem
Nov 29 02:38:36 admin1-HP-EliteBook-Folio-9480m kernel: [    0.048843] RTC time: 21:08:20, date: 11/28/19
Nov 29 02:38:36 admin1-HP-EliteBook-Folio-9480m kernel: [    0.048843] NET: Registered protocol family 16
Nov 29 02:38:36 admin1-HP-EliteBook-Folio-9480m kernel: [    0.048843] audit: initializing netlink subsys (disabled)
Nov 29 02:38:36 admin1-HP-EliteBook-Folio-9480m kernel: [    0.048843] audit: type=2000 audit(1574975300.048:1): state=initialized audit_enabled=0 res=1
Nov 29 02:38:36 admin1-HP-EliteBook-Folio-9480m kernel: [    0.048843] cpuidle: using governor ladder
Nov 29 02:38:36 admin1-HP-EliteBook-Folio-9480m kernel: [    0.048843] cpuidle: using governor menu
Nov 29 02:38:36 admin1-HP-EliteBook-Folio-9480m kernel: [    0.048843] ACPI FADT declares the system doesn't support PCIe ASPM, so disable it
Nov 29 02:38:36 admin1-HP-EliteBook-Folio-9480m kernel: [    0.048843] ACPI: bus type PCI registered
Nov 29 02:38:36 admin1-HP-EliteBook-Folio-9480m kernel: [    0.048843] acpiphp: ACPI Hot Plug PCI Controller Driver version: 0.5
Nov 29 02:38:36 admin1-HP-EliteBook-Folio-9480m kernel: [    0.048843] PCI: MMCONFIG for domain 0000 [bus 00-ff] at [mem 0xe0000000-0xefffffff] (base 0xe0000000)
Nov 29 02:38:36 admin1-HP-EliteBook-Folio-9480m kernel: [    0.048843] PCI: not using MMCONFIG
Nov 29 02:38:36 admin1-HP-EliteBook-Folio-9480m kernel: [    0.048843] PCI: Using configuration type 1 for base access
Nov 29 02:38:36 admin1-HP-EliteBook-Folio-9480m kernel: [    0.048843] core: PMU erratum BJ122, BV98, HSD29 worked around, HT is on
Nov 29 02:38:36 admin1-HP-EliteBook-Folio-9480m kernel: [    0.049423] HugeTLB registered 1.00 GiB page size, pre-allocated 0 pages
Nov 29 02:38:36 admin1-HP-EliteBook-Folio-9480m kernel: [    0.049423] HugeTLB registered 2.00 MiB page size, pre-allocated 0 pages
Nov 29 02:38:36 admin1-HP-EliteBook-Folio-9480m kernel: [    0.052042] ACPI: Added _OSI(Module Device)
Nov 29 02:38:36 admin1-HP-EliteBook-Folio-9480m kernel: [    0.052043] ACPI: Added _OSI(Processor Device)
Nov 29 02:38:36 admin1-HP-EliteBook-Folio-9480m kernel: [    0.052044] ACPI: Added _OSI(3.0 _SCP Extensions)
Nov 29 02:38:36 admin1-HP-EliteBook-Folio-9480m kernel: [    0.052045] ACPI: Added _OSI(Processor Aggregator Device)
Nov 29 02:38:36 admin1-HP-EliteBook-Folio-9480m kernel: [    0.052046] ACPI: Added _OSI(Linux-Dell-Video)
Nov 29 02:38:36 admin1-HP-EliteBook-Folio-9480m kernel: [    0.064029] ACPI: [Firmware Bug]: BIOS _OSI(Linux) query ignored
Nov 29 02:38:36 admin1-HP-EliteBook-Folio-9480m kernel: [    0.072974] ACPI: Dynamic OEM Table Load:
Nov 29 02:38:36 admin1-HP-EliteBook-Folio-9480m kernel: [    0.072983] ACPI: SSDT 0xFFFF890485DE7800 0003F3 (v02 PmRef  Cpu0Cst  00003001 INTL 20130927)
Nov 29 02:38:36 admin1-HP-EliteBook-Folio-9480m kernel: [    0.073719] ACPI: Dynamic OEM Table Load:
Nov 29 02:38:36 admin1-HP-EliteBook-Folio-9480m kernel: [    0.073726] ACPI: SSDT 0xFFFF890485C90000 0005DB (v02 PmRef  ApIst    00003000 INTL 20130927)
Nov 29 02:38:36 admin1-HP-EliteBook-Folio-9480m kernel: [    0.074513] ACPI: Dynamic OEM Table Load:
Nov 29 02:38:36 admin1-HP-EliteBook-Folio-9480m kernel: [    0.074518] ACPI: SSDT 0xFFFF890485DD3A00 000119 (v02 PmRef  ApCst    00003000 INTL 20130927)
Nov 29 02:38:36 admin1-HP-EliteBook-Folio-9480m kernel: [    0.076148] ACPI: EC: EC started
Nov 29 02:38:36 admin1-HP-EliteBook-Folio-9480m kernel: [    0.076149] ACPI: EC: interrupt blocked
Nov 29 02:38:36 admin1-HP-EliteBook-Folio-9480m kernel: [    3.200472] ACPI: \_SB_.PCI0.LPCB.EC0_: Used as first EC
Nov 29 02:38:36 admin1-HP-EliteBook-Folio-9480m kernel: [    3.200475] ACPI: \_SB_.PCI0.LPCB.EC0_: GPE=0x6, EC_CMD/EC_SC=0x66, EC_DATA=0x62
Nov 29 02:38:36 admin1-HP-EliteBook-Folio-9480m kernel: [    3.200477] ACPI: \_SB_.PCI0.LPCB.EC0_: Used as boot DSDT EC to handle transactions
Nov 29 02:38:36 admin1-HP-EliteBook-Folio-9480m kernel: [    3.200477] ACPI: Interpreter enabled
Nov 29 02:38:36 admin1-HP-EliteBook-Folio-9480m kernel: [    3.200514] ACPI: (supports S0 S3 S4 S5)
Nov 29 02:38:36 admin1-HP-EliteBook-Folio-9480m kernel: [    3.200515] ACPI: Using IOAPIC for interrupt routing
Nov 29 02:38:36 admin1-HP-EliteBook-Folio-9480m kernel: [    3.200546] PCI: MMCONFIG for domain 0000 [bus 00-ff] at [mem 0xe0000000-0xefffffff] (base 0xe0000000)
Nov 29 02:38:36 admin1-HP-EliteBook-Folio-9480m kernel: [    3.201270] PCI: MMCONFIG at [mem 0xe0000000-0xefffffff] reserved in ACPI motherboard resources
Nov 29 02:38:36 admin1-HP-EliteBook-Folio-9480m kernel: [    3.201288] PCI: Using host bridge windows from ACPI; if necessary, use "pci=nocrs" and report a bug
Nov 29 02:38:36 admin1-HP-EliteBook-Folio-9480m kernel: [    3.201759] ACPI: Enabled 7 GPEs in block 00 to 7F
Nov 29 02:38:36 admin1-HP-EliteBook-Folio-9480m kernel: [    3.204705] ACPI: Power Resource [APPR] (off)
Nov 29 02:38:36 admin1-HP-EliteBook-Folio-9480m kernel: [    3.208344] ACPI: Power Resource [COMP] (on)
Nov 29 02:38:36 admin1-HP-EliteBook-Folio-9480m kernel: [    3.208811] ACPI: Power Resource [LPP] (on)
Nov 29 02:38:36 admin1-HP-EliteBook-Folio-9480m kernel: [    3.209897] ACPI: Power Resource [PXP2] (on)
Nov 29 02:38:36 admin1-HP-EliteBook-Folio-9480m kernel: [    3.328614] ACPI: Power Resource [WRST] (on)
Nov 29 02:38:36 admin1-HP-EliteBook-Folio-9480m kernel: [    3.333163] ACPI: PCI Root Bridge [PCI0] (domain 0000 [bus 00-fe])
Nov 29 02:38:36 admin1-HP-EliteBook-Folio-9480m kernel: [    3.333170] acpi PNP0A08:00: _OSC: OS supports [ExtendedConfig ASPM ClockPM Segments MSI]
Nov 29 02:38:36 admin1-HP-EliteBook-Folio-9480m kernel: [    3.336511] acpi PNP0A08:00: _OSC: OS now controls [PCIeHotplug PME AER PCIeCapability]
Nov 29 02:38:36 admin1-HP-EliteBook-Folio-9480m kernel: [    3.336512] acpi PNP0A08:00: FADT indicates ASPM is unsupported, using BIOS configuration
Nov 29 02:38:36 admin1-HP-EliteBook-Folio-9480m kernel: [    3.337427] PCI host bridge to bus 0000:00
Nov 29 02:38:36 admin1-HP-EliteBook-Folio-9480m kernel: [    3.337430] pci_bus 0000:00: root bus resource [io  0x0000-0x0cf7 window]
Nov 29 02:38:36 admin1-HP-EliteBook-Folio-9480m kernel: [    3.337432] pci_bus 0000:00: root bus resource [io  0x0d00-0xffff window]
Nov 29 02:38:36 admin1-HP-EliteBook-Folio-9480m kernel: [    3.337434] pci_bus 0000:00: root bus resource [mem 0x000a0000-0x000bffff window]
Nov 29 02:38:36 admin1-HP-EliteBook-Folio-9480m kernel: [    3.337435] pci_bus 0000:00: root bus resource [mem 0xae200000-0xdfffffff window]
Nov 29 02:38:36 admin1-HP-EliteBook-Folio-9480m kernel: [    3.337437] pci_bus 0000:00: root bus resource [mem 0xf0000000-0xfed3ffff window]
Nov 29 02:38:36 admin1-HP-EliteBook-Folio-9480m kernel: [    3.337441] pci_bus 0000:00: root bus resource [mem 0xfed45000-0xfedfffff window]
Nov 29 02:38:36 admin1-HP-EliteBook-Folio-9480m kernel: [    3.337443] pci_bus 0000:00: root bus resource [mem 0xfee01000-0xffffffff window]
Nov 29 02:38:36 admin1-HP-EliteBook-Folio-9480m kernel: [    3.337445] pci_bus 0000:00: root bus resource [bus 00-fe]
Nov 29 02:38:36 admin1-HP-EliteBook-Folio-9480m kernel: [    3.337454] pci 0000:00:00.0: [8086:0a04] type 00 class 0x060000
Nov 29 02:38:36 admin1-HP-EliteBook-Folio-9480m kernel: [    3.337635] pci 0000:00:02.0: [8086:0a16] type 00 class 0x030000
Nov 29 02:38:36 admin1-HP-EliteBook-Folio-9480m kernel: [    3.337649] pci 0000:00:02.0: reg 0x10: [mem 0xc0000000-0xc03fffff 64bit]
Nov 29 02:38:36 admin1-HP-EliteBook-Folio-9480m kernel: [    3.337656] pci 0000:00:02.0: reg 0x18: [mem 0xb0000000-0xbfffffff 64bit pref]
Nov 29 02:38:36 admin1-HP-EliteBook-Folio-9480m kernel: [    3.337661] pci 0000:00:02.0: reg 0x20: [io  0x5000-0x503f]
Nov 29 02:38:36 admin1-HP-EliteBook-Folio-9480m kernel: [    3.337683] pci 0000:00:02.0: BAR 2: assigned to efifb
Nov 29 02:38:36 admin1-HP-EliteBook-Folio-9480m kernel: [    3.337867] pci 0000:00:03.0: [8086:0a0c] type 00 class 0x040300
Nov 29 02:38:36 admin1-HP-EliteBook-Folio-9480m kernel: [    3.337878] pci 0000:00:03.0: reg 0x10: [mem 0xc0730000-0xc0733fff 64bit]
Nov 29 02:38:36 admin1-HP-EliteBook-Folio-9480m kernel: [    3.338073] pci 0000:00:14.0: [8086:9c31] type 00 class 0x0c0330
Nov 29 02:38:36 admin1-HP-EliteBook-Folio-9480m kernel: [    3.338092] pci 0000:00:14.0: reg 0x10: [mem 0xc0720000-0xc072ffff 64bit]
Nov 29 02:38:36 admin1-HP-EliteBook-Folio-9480m kernel: [    3.338150] pci 0000:00:14.0: PME# supported from D3hot D3cold
Nov 29 02:38:36 admin1-HP-EliteBook-Folio-9480m kernel: [    3.338299] pci 0000:00:16.0: [8086:9c3a] type 00 class 0x078000
Nov 29 02:38:36 admin1-HP-EliteBook-Folio-9480m kernel: [    3.338322] pci 0000:00:16.0: reg 0x10: [mem 0xc073b000-0xc073b01f 64bit]
Nov 29 02:38:36 admin1-HP-EliteBook-Folio-9480m kernel: [    3.338399] pci 0000:00:16.0: PME# supported from D0 D3hot D3cold
Nov 29 02:38:36 admin1-HP-EliteBook-Folio-9480m kernel: [    3.338541] pci 0000:00:16.3: [8086:9c3d] type 00 class 0x070002
Nov 29 02:38:36 admin1-HP-EliteBook-Folio-9480m kernel: [    3.338559] pci 0000:00:16.3: reg 0x10: [io  0x50b0-0x50b7]
Nov 29 02:38:36 admin1-HP-EliteBook-Folio-9480m kernel: [    3.338566] pci 0000:00:16.3: reg 0x14: [mem 0xc073e000-0xc073efff]
Nov 29 02:38:36 admin1-HP-EliteBook-Folio-9480m kernel: [    3.338771] pci 0000:00:19.0: [8086:155a] type 00 class 0x020000
Nov 29 02:38:36 admin1-HP-EliteBook-Folio-9480m kernel: [    3.338788] pci 0000:00:19.0: reg 0x10: [mem 0xc0700000-0xc071ffff]
Nov 29 02:38:36 admin1-HP-EliteBook-Folio-9480m kernel: [    3.338796] pci 0000:00:19.0: reg 0x14: [mem 0xc073d000-0xc073dfff]
Nov 29 02:38:36 admin1-HP-EliteBook-Folio-9480m kernel: [    3.338804] pci 0000:00:19.0: reg 0x18: [io  0x5080-0x509f]
Nov 29 02:38:36 admin1-HP-EliteBook-Folio-9480m kernel: [    3.338868] pci 0000:00:19.0: PME# supported from D0 D3hot D3cold
Nov 29 02:38:36 admin1-HP-EliteBook-Folio-9480m kernel: [    3.339014] pci 0000:00:1b.0: [8086:9c20] type 00 class 0x040300
Nov 29 02:38:36 admin1-HP-EliteBook-Folio-9480m kernel: [    3.339033] pci 0000:00:1b.0: reg 0x10: [mem 0xc0734000-0xc0737fff 64bit]
Nov 29 02:38:36 admin1-HP-EliteBook-Folio-9480m kernel: [    3.339090] pci 0000:00:1b.0: PME# supported from D0 D3hot D3cold
Nov 29 02:38:36 admin1-HP-EliteBook-Folio-9480m kernel: [    3.339236] pci 0000:00:1c.0: [8086:9c10] type 01 class 0x060400
Nov 29 02:38:36 admin1-HP-EliteBook-Folio-9480m kernel: [    3.339317] pci 0000:00:1c.0: PME# supported from D0 D3hot D3cold
Nov 29 02:38:36 admin1-HP-EliteBook-Folio-9480m kernel: [    3.339524] pci 0000:00:1c.1: [8086:9c12] type 01 class 0x060400
Nov 29 02:38:36 admin1-HP-EliteBook-Folio-9480m kernel: [    3.339607] pci 0000:00:1c.1: PME# supported from D0 D3hot D3cold
Nov 29 02:38:36 admin1-HP-EliteBook-Folio-9480m kernel: [    3.339813] pci 0000:00:1c.3: [8086:9c16] type 01 class 0x060400
Nov 29 02:38:36 admin1-HP-EliteBook-Folio-9480m kernel: [    3.339895] pci 0000:00:1c.3: PME# supported from D0 D3hot D3cold
Nov 29 02:38:36 admin1-HP-EliteBook-Folio-9480m kernel: [    3.340114] pci 0000:00:1d.0: [8086:9c26] type 00 class 0x0c0320
Nov 29 02:38:36 admin1-HP-EliteBook-Folio-9480m kernel: [    3.340136] pci 0000:00:1d.0: reg 0x10: [mem 0xc0739000-0xc07393ff]
Nov 29 02:38:36 admin1-HP-EliteBook-Folio-9480m kernel: [    3.340232] pci 0000:00:1d.0: PME# supported from D0 D3hot D3cold
Nov 29 02:38:36 admin1-HP-EliteBook-Folio-9480m kernel: [    3.340384] pci 0000:00:1f.0: [8086:9c43] type 00 class 0x060100
Nov 29 02:38:36 admin1-HP-EliteBook-Folio-9480m kernel: [    3.340652] pci 0000:00:1f.2: [8086:9c03] type 00 class 0x010601
Nov 29 02:38:36 admin1-HP-EliteBook-Folio-9480m kernel: [    3.340668] pci 0000:00:1f.2: reg 0x10: [io  0x50a8-0x50af]
Nov 29 02:38:36 admin1-HP-EliteBook-Folio-9480m kernel: [    3.340675] pci 0000:00:1f.2: reg 0x14: [io  0x50bc-0x50bf]
Nov 29 02:38:36 admin1-HP-EliteBook-Folio-9480m kernel: [    3.340682] pci 0000:00:1f.2: reg 0x18: [io  0x50a0-0x50a7]
Nov 29 02:38:36 admin1-HP-EliteBook-Folio-9480m kernel: [    3.340689] pci 0000:00:1f.2: reg 0x1c: [io  0x50b8-0x50bb]
Nov 29 02:38:36 admin1-HP-EliteBook-Folio-9480m kernel: [    3.340696] pci 0000:00:1f.2: reg 0x20: [io  0x5060-0x507f]
Nov 29 02:38:36 admin1-HP-EliteBook-Folio-9480m kernel: [    3.340703] pci 0000:00:1f.2: reg 0x24: [mem 0xc0738000-0xc07387ff]
Nov 29 02:38:36 admin1-HP-EliteBook-Folio-9480m kernel: [    3.340746] pci 0000:00:1f.2: PME# supported from D3hot
Nov 29 02:38:36 admin1-HP-EliteBook-Folio-9480m kernel: [    3.340888] pci 0000:00:1f.3: [8086:9c22] type 00 class 0x0c0500
Nov 29 02:38:36 admin1-HP-EliteBook-Folio-9480m kernel: [    3.340904] pci 0000:00:1f.3: reg 0x10: [mem 0xc073a000-0xc073a0ff 64bit]
Nov 29 02:38:36 admin1-HP-EliteBook-Folio-9480m kernel: [    3.340919] pci 0000:00:1f.3: reg 0x20: [io  0xef80-0xef9f]
Nov 29 02:38:36 admin1-HP-EliteBook-Folio-9480m kernel: [    3.341118] pci 0000:00:1c.0: PCI bridge to [bus 01-06]
Nov 29 02:38:36 admin1-HP-EliteBook-Folio-9480m kernel: [    3.341123] pci 0000:00:1c.0:   bridge window [mem 0xc0600000-0xc06fffff]
Nov 29 02:38:36 admin1-HP-EliteBook-Folio-9480m kernel: [    3.341178] pci 0000:07:00.0: [10ec:5227] type 00 class 0xff0000
Nov 29 02:38:36 admin1-HP-EliteBook-Folio-9480m kernel: [    3.341208] pci 0000:07:00.0: reg 0x10: [mem 0xc0500000-0xc0500fff]
Nov 29 02:38:36 admin1-HP-EliteBook-Folio-9480m kernel: [    3.341360] pci 0000:07:00.0: supports D1 D2
Nov 29 02:38:36 admin1-HP-EliteBook-Folio-9480m kernel: [    3.341361] pci 0000:07:00.0: PME# supported from D1 D2 D3hot D3cold
Nov 29 02:38:36 admin1-HP-EliteBook-Folio-9480m kernel: [    3.352028] pci 0000:00:1c.1: PCI bridge to [bus 07]
Nov 29 02:38:36 admin1-HP-EliteBook-Folio-9480m kernel: [    3.352031] pci 0000:00:1c.1:   bridge window [io  0x3000-0x4fff]
Nov 29 02:38:36 admin1-HP-EliteBook-Folio-9480m kernel: [    3.352035] pci 0000:00:1c.1:   bridge window [mem 0xc0500000-0xc05fffff]
Nov 29 02:38:36 admin1-HP-EliteBook-Folio-9480m kernel: [    3.352299] pci 0000:08:00.0: [8086:08b1] type 00 class 0x028000
Nov 29 02:38:36 admin1-HP-EliteBook-Folio-9480m kernel: [    3.352404] pci 0000:08:00.0: reg 0x10: [mem 0xc0400000-0xc0401fff 64bit]
Nov 29 02:38:36 admin1-HP-EliteBook-Folio-9480m kernel: [    3.352829] pci 0000:08:00.0: PME# supported from D0 D3hot D3cold
Nov 29 02:38:36 admin1-HP-EliteBook-Folio-9480m kernel: [    3.364165] pci 0000:00:1c.3: PCI bridge to [bus 08]
Nov 29 02:38:36 admin1-HP-EliteBook-Folio-9480m kernel: [    3.364170] pci 0000:00:1c.3:   bridge window [mem 0xc0400000-0xc04fffff]
Nov 29 02:38:36 admin1-HP-EliteBook-Folio-9480m kernel: [    3.365674] ACPI: PCI Interrupt Link [LNKA] (IRQs 3 4 5 6 *10 11 12 14 15)
Nov 29 02:38:36 admin1-HP-EliteBook-Folio-9480m kernel: [    3.365753] ACPI: PCI Interrupt Link [LNKB] (IRQs 3 4 5 6 10 11 12 14 15) *0, disabled.
Nov 29 02:38:36 admin1-HP-EliteBook-Folio-9480m kernel: [    3.365831] ACPI: PCI Interrupt Link [LNKC] (IRQs 3 4 5 6 10 11 12 14 15) *0, disabled.
Nov 29 02:38:36 admin1-HP-EliteBook-Folio-9480m kernel: [    3.365908] ACPI: PCI Interrupt Link [LNKD] (IRQs 3 4 5 6 10 11 12 14 15) *0, disabled.
Nov 29 02:38:36 admin1-HP-EliteBook-Folio-9480m kernel: [    3.365985] ACPI: PCI Interrupt Link [LNKE] (IRQs 3 4 5 6 10 11 12 14 15) *0, disabled.
Nov 29 02:38:36 admin1-HP-EliteBook-Folio-9480m kernel: [    3.366061] ACPI: PCI Interrupt Link [LNKF] (IRQs 3 4 5 6 10 11 12 14 15) *0, disabled.
Nov 29 02:38:36 admin1-HP-EliteBook-Folio-9480m kernel: [    3.366138] ACPI: PCI Interrupt Link [LNKG] (IRQs 3 4 5 6 10 11 12 14 15) *0, disabled.
Nov 29 02:38:36 admin1-HP-EliteBook-Folio-9480m kernel: [    3.366214] ACPI: PCI Interrupt Link [LNKH] (IRQs 3 4 5 6 10 11 12 14 15) *0, disabled.
Nov 29 02:38:36 admin1-HP-EliteBook-Folio-9480m kernel: [    3.366881] ACPI: EC: interrupt unblocked
Nov 29 02:38:36 admin1-HP-EliteBook-Folio-9480m kernel: [    3.366889] ACPI: EC: event unblocked
Nov 29 02:38:36 admin1-HP-EliteBook-Folio-9480m kernel: [    3.366896] ACPI: \_SB_.PCI0.LPCB.EC0_: GPE=0x6, EC_CMD/EC_SC=0x66, EC_DATA=0x62
Nov 29 02:38:36 admin1-HP-EliteBook-Folio-9480m kernel: [    3.366898] ACPI: \_SB_.PCI0.LPCB.EC0_: Used as boot DSDT EC to handle transactions and events
Nov 29 02:38:36 admin1-HP-EliteBook-Folio-9480m kernel: [    3.367142] SCSI subsystem initialized
Nov 29 02:38:36 admin1-HP-EliteBook-Folio-9480m kernel: [    3.367158] libata version 3.00 loaded.
Nov 29 02:38:36 admin1-HP-EliteBook-Folio-9480m kernel: [    3.367158] pci 0000:00:02.0: vgaarb: setting as boot VGA device
Nov 29 02:38:36 admin1-HP-EliteBook-Folio-9480m kernel: [    3.367158] pci 0000:00:02.0: vgaarb: VGA device added: decodes=io+mem,owns=io+mem,locks=none
Nov 29 02:38:36 admin1-HP-EliteBook-Folio-9480m kernel: [    3.367158] pci 0000:00:02.0: vgaarb: bridge control possible
Nov 29 02:38:36 admin1-HP-EliteBook-Folio-9480m kernel: [    3.367158] vgaarb: loaded
Nov 29 02:38:36 admin1-HP-EliteBook-Folio-9480m kernel: [    3.367158] ACPI: bus type USB registered
Nov 29 02:38:36 admin1-HP-EliteBook-Folio-9480m kernel: [    3.367158] usbcore: registered new interface driver usbfs
Nov 29 02:38:36 admin1-HP-EliteBook-Folio-9480m kernel: [    3.367158] usbcore: registered new interface driver hub
Nov 29 02:38:36 admin1-HP-EliteBook-Folio-9480m kernel: [    3.367158] usbcore: registered new device driver usb
Nov 29 02:38:36 admin1-HP-EliteBook-Folio-9480m kernel: [    3.367158] EDAC MC: Ver: 3.0.0
Nov 29 02:38:36 admin1-HP-EliteBook-Folio-9480m kernel: [    3.367158] Registered efivars operations
Nov 29 02:38:36 admin1-HP-EliteBook-Folio-9480m kernel: [    3.601916] PCI: Using ACPI for IRQ routing
Nov 29 02:38:36 admin1-HP-EliteBook-Folio-9480m kernel: [    3.607585] PCI: pci_cache_line_size set to 64 bytes
Nov 29 02:38:36 admin1-HP-EliteBook-Folio-9480m kernel: [    3.607898] e820: reserve RAM buffer [mem 0x00058000-0x0005ffff]
Nov 29 02:38:36 admin1-HP-EliteBook-Folio-9480m kernel: [    3.607899] e820: reserve RAM buffer [mem 0x00098000-0x0009ffff]
Nov 29 02:38:36 admin1-HP-EliteBook-Folio-9480m kernel: [    3.607900] e820: reserve RAM buffer [mem 0xa8b7f000-0xabffffff]
Nov 29 02:38:36 admin1-HP-EliteBook-Folio-9480m kernel: [    3.607902] e820: reserve RAM buffer [mem 0xaa000000-0xabffffff]
Nov 29 02:38:36 admin1-HP-EliteBook-Folio-9480m kernel: [    3.607903] e820: reserve RAM buffer [mem 0x24fe00000-0x24fffffff]
Nov 29 02:38:36 admin1-HP-EliteBook-Folio-9480m kernel: [    3.607999] NetLabel: Initializing
Nov 29 02:38:36 admin1-HP-EliteBook-Folio-9480m kernel: [    3.608000] NetLabel:  domain hash size = 128
Nov 29 02:38:36 admin1-HP-EliteBook-Folio-9480m kernel: [    3.608001] NetLabel:  protocols = UNLABELED CIPSOv4 CALIPSO
Nov 29 02:38:36 admin1-HP-EliteBook-Folio-9480m kernel: [    3.608019] NetLabel:  unlabeled traffic allowed by default
Nov 29 02:38:36 admin1-HP-EliteBook-Folio-9480m kernel: [    3.608057] hpet0: at MMIO 0xfed00000, IRQs 2, 8, 0, 0, 0, 0, 0, 0
Nov 29 02:38:36 admin1-HP-EliteBook-Folio-9480m kernel: [    3.608064] hpet0: 8 comparators, 64-bit 14.318180 MHz counter
Nov 29 02:38:36 admin1-HP-EliteBook-Folio-9480m kernel: [    3.610084] clocksource: Switched to clocksource hpet
Nov 29 02:38:36 admin1-HP-EliteBook-Folio-9480m kernel: [    3.620714] VFS: Disk quotas dquot_6.6.0
Nov 29 02:38:36 admin1-HP-EliteBook-Folio-9480m kernel: [    3.620735] VFS: Dquot-cache hash table entries: 512 (order 0, 4096 bytes)
Nov 29 02:38:36 admin1-HP-EliteBook-Folio-9480m kernel: [    3.620848] AppArmor: AppArmor Filesystem Enabled
Nov 29 02:38:36 admin1-HP-EliteBook-Folio-9480m kernel: [    3.620882] pnp: PnP ACPI init
Nov 29 02:38:36 admin1-HP-EliteBook-Folio-9480m kernel: [    3.621229] system 00:00: [mem 0xfed1c000-0xfed1ffff] has been reserved
Nov 29 02:38:36 admin1-HP-EliteBook-Folio-9480m kernel: [    3.621232] system 00:00: [mem 0xfed10000-0xfed17fff] has been reserved
Nov 29 02:38:36 admin1-HP-EliteBook-Folio-9480m kernel: [    3.621234] system 00:00: [mem 0xfed18000-0xfed18fff] has been reserved
Nov 29 02:38:36 admin1-HP-EliteBook-Folio-9480m kernel: [    3.621236] system 00:00: [mem 0xfed19000-0xfed19fff] has been reserved
Nov 29 02:38:36 admin1-HP-EliteBook-Folio-9480m kernel: [    3.621238] system 00:00: [mem 0x00000000-0x00000fff] could not be reserved
Nov 29 02:38:36 admin1-HP-EliteBook-Folio-9480m kernel: [    3.621240] system 00:00: [mem 0xe0000000-0xefffffff] could not be reserved
Nov 29 02:38:36 admin1-HP-EliteBook-Folio-9480m kernel: [    3.621242] system 00:00: [mem 0xfed20000-0xfed3ffff] has been reserved
Nov 29 02:38:36 admin1-HP-EliteBook-Folio-9480m kernel: [    3.621244] system 00:00: [mem 0xfed90000-0xfed93fff] has been reserved
Nov 29 02:38:36 admin1-HP-EliteBook-Folio-9480m kernel: [    3.621246] system 00:00: [mem 0xfed45000-0xfed8ffff] has been reserved
Nov 29 02:38:36 admin1-HP-EliteBook-Folio-9480m kernel: [    3.621248] system 00:00: [mem 0xfec00000-0xfec00fff] could not be reserved
Nov 29 02:38:36 admin1-HP-EliteBook-Folio-9480m kernel: [    3.621250] system 00:00: [mem 0xae210000-0xae21ffff] has been reserved
Nov 29 02:38:36 admin1-HP-EliteBook-Folio-9480m kernel: [    3.621252] system 00:00: [mem 0xae200000-0xae20ffff] has been reserved
Nov 29 02:38:36 admin1-HP-EliteBook-Folio-9480m kernel: [    3.621258] system 00:00: Plug and Play ACPI device, IDs PNP0c02 (active)
Nov 29 02:38:36 admin1-HP-EliteBook-Folio-9480m kernel: [    3.621503] system 00:01: [io  0x0200-0x020f] has been reserved
Nov 29 02:38:36 admin1-HP-EliteBook-Folio-9480m kernel: [    3.621505] system 00:01: [io  0x0220-0x027f] has been reserved
Nov 29 02:38:36 admin1-HP-EliteBook-Folio-9480m kernel: [    3.621508] system 00:01: [io  0xffff] has been reserved
Nov 29 02:38:36 admin1-HP-EliteBook-Folio-9480m kernel: [    3.621509] system 00:01: [io  0xffff] has been reserved
Nov 29 02:38:36 admin1-HP-EliteBook-Folio-9480m kernel: [    3.621511] system 00:01: [io  0xffff] has been reserved
Nov 29 02:38:36 admin1-HP-EliteBook-Folio-9480m kernel: [    3.621513] system 00:01: [io  0x1800-0x18fe] has been reserved
Nov 29 02:38:36 admin1-HP-EliteBook-Folio-9480m kernel: [    3.621515] system 00:01: [io  0xef80-0xef9f] has been reserved
Nov 29 02:38:36 admin1-HP-EliteBook-Folio-9480m kernel: [    3.621520] system 00:01: Plug and Play ACPI device, IDs PNP0c02 (active)
Nov 29 02:38:36 admin1-HP-EliteBook-Folio-9480m kernel: [    3.621584] pnp 00:02: Plug and Play ACPI device, IDs PNP0b00 (active)
Nov 29 02:38:36 admin1-HP-EliteBook-Folio-9480m kernel: [    3.621837] pnp 00:03: Plug and Play ACPI device, IDs HPQ8002 PNP0303 (active)
Nov 29 02:38:36 admin1-HP-EliteBook-Folio-9480m kernel: [    3.621864] pnp 00:04: Plug and Play ACPI device, IDs SYN3027 SYN0100 SYN0002 PNP0f13 (active)
Nov 29 02:38:36 admin1-HP-EliteBook-Folio-9480m kernel: [    3.622677] pnp 00:05: Plug and Play ACPI device, IDs IFX0102 PNP0c31 (active)
Nov 29 02:38:36 admin1-HP-EliteBook-Folio-9480m kernel: [    3.622747] pnp: PnP ACPI: found 6 devices
Nov 29 02:38:36 admin1-HP-EliteBook-Folio-9480m kernel: [    3.628923] clocksource: acpi_pm: mask: 0xffffff max_cycles: 0xffffff, max_idle_ns: 2085701024 ns
Nov 29 02:38:36 admin1-HP-EliteBook-Folio-9480m kernel: [    3.628943] pci 0000:00:1c.1: bridge window [mem 0x00100000-0x000fffff 64bit pref] to [bus 07] add_size 200000 add_align 100000
Nov 29 02:38:36 admin1-HP-EliteBook-Folio-9480m kernel: [    3.628960] pci 0000:00:1c.1: BAR 15: assigned [mem 0xae300000-0xae4fffff 64bit pref]
Nov 29 02:38:36 admin1-HP-EliteBook-Folio-9480m kernel: [    3.628963] pci 0000:00:1c.0: PCI bridge to [bus 01-06]
Nov 29 02:38:36 admin1-HP-EliteBook-Folio-9480m kernel: [    3.628968] pci 0000:00:1c.0:   bridge window [mem 0xc0600000-0xc06fffff]
Nov 29 02:38:36 admin1-HP-EliteBook-Folio-9480m kernel: [    3.628975] pci 0000:00:1c.1: PCI bridge to [bus 07]
Nov 29 02:38:36 admin1-HP-EliteBook-Folio-9480m kernel: [    3.628977] pci 0000:00:1c.1:   bridge window [io  0x3000-0x4fff]
Nov 29 02:38:36 admin1-HP-EliteBook-Folio-9480m kernel: [    3.628982] pci 0000:00:1c.1:   bridge window [mem 0xc0500000-0xc05fffff]
Nov 29 02:38:36 admin1-HP-EliteBook-Folio-9480m kernel: [    3.628985] pci 0000:00:1c.1:   bridge window [mem 0xae300000-0xae4fffff 64bit pref]
Nov 29 02:38:36 admin1-HP-EliteBook-Folio-9480m kernel: [    3.628990] pci 0000:00:1c.3: PCI bridge to [bus 08]
Nov 29 02:38:36 admin1-HP-EliteBook-Folio-9480m kernel: [    3.628994] pci 0000:00:1c.3:   bridge window [mem 0xc0400000-0xc04fffff]
Nov 29 02:38:36 admin1-HP-EliteBook-Folio-9480m kernel: [    3.629003] pci_bus 0000:00: resource 4 [io  0x0000-0x0cf7 window]
Nov 29 02:38:36 admin1-HP-EliteBook-Folio-9480m kernel: [    3.629004] pci_bus 0000:00: resource 5 [io  0x0d00-0xffff window]
Nov 29 02:38:36 admin1-HP-EliteBook-Folio-9480m kernel: [    3.629006] pci_bus 0000:00: resource 6 [mem 0x000a0000-0x000bffff window]
Nov 29 02:38:36 admin1-HP-EliteBook-Folio-9480m kernel: [    3.629008] pci_bus 0000:00: resource 7 [mem 0xae200000-0xdfffffff window]
Nov 29 02:38:36 admin1-HP-EliteBook-Folio-9480m kernel: [    3.629009] pci_bus 0000:00: resource 8 [mem 0xf0000000-0xfed3ffff window]
Nov 29 02:38:36 admin1-HP-EliteBook-Folio-9480m kernel: [    3.629011] pci_bus 0000:00: resource 9 [mem 0xfed45000-0xfedfffff window]
Nov 29 02:38:36 admin1-HP-EliteBook-Folio-9480m kernel: [    3.629013] pci_bus 0000:00: resource 10 [mem 0xfee01000-0xffffffff window]
Nov 29 02:38:36 admin1-HP-EliteBook-Folio-9480m kernel: [    3.629015] pci_bus 0000:01: resource 1 [mem 0xc0600000-0xc06fffff]
Nov 29 02:38:36 admin1-HP-EliteBook-Folio-9480m kernel: [    3.629017] pci_bus 0000:07: resource 0 [io  0x3000-0x4fff]
Nov 29 02:38:36 admin1-HP-EliteBook-Folio-9480m kernel: [    3.629018] pci_bus 0000:07: resource 1 [mem 0xc0500000-0xc05fffff]
Nov 29 02:38:36 admin1-HP-EliteBook-Folio-9480m kernel: [    3.629020] pci_bus 0000:07: resource 2 [mem 0xae300000-0xae4fffff 64bit pref]
Nov 29 02:38:36 admin1-HP-EliteBook-Folio-9480m kernel: [    3.629022] pci_bus 0000:08: resource 1 [mem 0xc0400000-0xc04fffff]
Nov 29 02:38:36 admin1-HP-EliteBook-Folio-9480m kernel: [    3.629163] NET: Registered protocol family 2
Nov 29 02:38:36 admin1-HP-EliteBook-Folio-9480m kernel: [    3.629376] TCP established hash table entries: 65536 (order: 7, 524288 bytes)
Nov 29 02:38:36 admin1-HP-EliteBook-Folio-9480m kernel: [    3.629499] TCP bind hash table entries: 65536 (order: 8, 1048576 bytes)
Nov 29 02:38:36 admin1-HP-EliteBook-Folio-9480m kernel: [    3.629629] TCP: Hash tables configured (established 65536 bind 65536)
Nov 29 02:38:36 admin1-HP-EliteBook-Folio-9480m kernel: [    3.629671] UDP hash table entries: 4096 (order: 5, 131072 bytes)
Nov 29 02:38:36 admin1-HP-EliteBook-Folio-9480m kernel: [    3.629696] UDP-Lite hash table entries: 4096 (order: 5, 131072 bytes)
Nov 29 02:38:36 admin1-HP-EliteBook-Folio-9480m kernel: [    3.629767] NET: Registered protocol family 1
Nov 29 02:38:36 admin1-HP-EliteBook-Folio-9480m kernel: [    3.629781] pci 0000:00:02.0: Video device with shadowed ROM at [mem 0x000c0000-0x000dffff]
Nov 29 02:38:36 admin1-HP-EliteBook-Folio-9480m kernel: [    3.629790] pci 0000:00:14.0: enabling device (0000 -> 0002)
Nov 29 02:38:36 admin1-HP-EliteBook-Folio-9480m kernel: [    3.630673] PCI: CLS 64 bytes, default 64
Nov 29 02:38:36 admin1-HP-EliteBook-Folio-9480m kernel: [    3.630711] Unpacking initramfs...
Nov 29 02:38:36 admin1-HP-EliteBook-Folio-9480m kernel: [    4.585050] Freeing initrd memory: 52656K
Nov 29 02:38:36 admin1-HP-EliteBook-Folio-9480m kernel: [    4.585079] PCI-DMA: Using software bounce buffering for IO (SWIOTLB)
Nov 29 02:38:36 admin1-HP-EliteBook-Folio-9480m kernel: [    4.585082] software IO TLB [mem 0x98b80000-0x9cb80000] (64MB) mapped at [        (ptrval)-        (ptrval)]
Nov 29 02:38:36 admin1-HP-EliteBook-Folio-9480m kernel: [    4.585355] Scanning for low memory corruption every 60 seconds
Nov 29 02:38:36 admin1-HP-EliteBook-Folio-9480m kernel: [    4.586084] Initialise system trusted keyrings
Nov 29 02:38:36 admin1-HP-EliteBook-Folio-9480m kernel: [    4.586094] Key type blacklist registered
Nov 29 02:38:36 admin1-HP-EliteBook-Folio-9480m kernel: [    4.586125] workingset: timestamp_bits=36 max_order=21 bucket_order=0
Nov 29 02:38:36 admin1-HP-EliteBook-Folio-9480m kernel: [    4.587414] zbud: loaded
Nov 29 02:38:36 admin1-HP-EliteBook-Folio-9480m kernel: [    4.587989] squashfs: version 4.0 (2009/01/31) Phillip Lougher
Nov 29 02:38:36 admin1-HP-EliteBook-Folio-9480m kernel: [    4.588146] fuse init (API version 7.26)
Nov 29 02:38:36 admin1-HP-EliteBook-Folio-9480m kernel: [    4.589406] Key type asymmetric registered
Nov 29 02:38:36 admin1-HP-EliteBook-Folio-9480m kernel: [    4.589407] Asymmetric key parser 'x509' registered
Nov 29 02:38:36 admin1-HP-EliteBook-Folio-9480m kernel: [    4.589440] Block layer SCSI generic (bsg) driver version 0.4 loaded (major 246)
Nov 29 02:38:36 admin1-HP-EliteBook-Folio-9480m kernel: [    4.589473] io scheduler noop registered
Nov 29 02:38:36 admin1-HP-EliteBook-Folio-9480m kernel: [    4.589474] io scheduler deadline registered
Nov 29 02:38:36 admin1-HP-EliteBook-Folio-9480m kernel: [    4.589520] io scheduler cfq registered (default)
Nov 29 02:38:36 admin1-HP-EliteBook-Folio-9480m kernel: [    4.590495] pcieport 0000:00:1c.0: Signaling PME with IRQ 40
Nov 29 02:38:36 admin1-HP-EliteBook-Folio-9480m kernel: [    4.590521] pcieport 0000:00:1c.1: Signaling PME with IRQ 41
Nov 29 02:38:36 admin1-HP-EliteBook-Folio-9480m kernel: [    4.590539] pcieport 0000:00:1c.3: Signaling PME with IRQ 42
Nov 29 02:38:36 admin1-HP-EliteBook-Folio-9480m kernel: [    4.590560] pciehp 0000:00:1c.1:pcie004: Slot #1 AttnBtn- PwrCtrl- MRL- AttnInd- PwrInd- HotPlug+ Surprise+ Interlock- NoCompl+ LLActRep+
Nov 29 02:38:36 admin1-HP-EliteBook-Folio-9480m kernel: [    4.590643] efifb: probing for efifb
Nov 29 02:38:36 admin1-HP-EliteBook-Folio-9480m kernel: [    4.590655] efifb: framebuffer at 0xb0000000, using 3072k, total 3072k
Nov 29 02:38:36 admin1-HP-EliteBook-Folio-9480m kernel: [    4.590656] efifb: mode is 1024x768x32, linelength=4096, pages=1
Nov 29 02:38:36 admin1-HP-EliteBook-Folio-9480m kernel: [    4.590657] efifb: scrolling: redraw
Nov 29 02:38:36 admin1-HP-EliteBook-Folio-9480m kernel: [    4.590659] efifb: Truecolor: size=8:8:8:8, shift=24:16:8:0
Nov 29 02:38:36 admin1-HP-EliteBook-Folio-9480m kernel: [    4.590753] Console: switching to colour frame buffer device 128x48
Nov 29 02:38:36 admin1-HP-EliteBook-Folio-9480m kernel: [    4.590771] fb0: EFI VGA frame buffer device
Nov 29 02:38:36 admin1-HP-EliteBook-Folio-9480m kernel: [    4.590780] intel_idle: MWAIT substates: 0x11142120
Nov 29 02:38:36 admin1-HP-EliteBook-Folio-9480m kernel: [    4.590781] intel_idle: v0.4.1 model 0x45
Nov 29 02:38:36 admin1-HP-EliteBook-Folio-9480m kernel: [    4.590986] intel_idle: lapic_timer_reliable_states 0xffffffff
Nov 29 02:38:36 admin1-HP-EliteBook-Folio-9480m kernel: [    4.591225] ACPI: AC Adapter [AC] (on-line)
Nov 29 02:38:36 admin1-HP-EliteBook-Folio-9480m kernel: [    4.591294] input: Sleep Button as /devices/LNXSYSTM:00/LNXSYBUS:00/PNP0C0E:00/input/input0
Nov 29 02:38:36 admin1-HP-EliteBook-Folio-9480m kernel: [    4.591305] ACPI: Sleep Button [SLPB]
Nov 29 02:38:36 admin1-HP-EliteBook-Folio-9480m kernel: [    4.591339] input: Lid Switch as /devices/LNXSYSTM:00/LNXSYBUS:00/PNP0C0D:00/input/input1
Nov 29 02:38:36 admin1-HP-EliteBook-Folio-9480m kernel: [    4.591346] ACPI: Lid Switch [LID]
Nov 29 02:38:36 admin1-HP-EliteBook-Folio-9480m kernel: [    4.591380] input: Power Button as /devices/LNXSYSTM:00/LNXPWRBN:00/input/input2
Nov 29 02:38:36 admin1-HP-EliteBook-Folio-9480m kernel: [    4.591402] ACPI: Power Button [PWRF]
Nov 29 02:38:36 admin1-HP-EliteBook-Folio-9480m kernel: [    4.611307] (NULL device *): hwmon_device_register() is deprecated. Please convert the driver to use hwmon_device_register_with_info().
Nov 29 02:38:36 admin1-HP-EliteBook-Folio-9480m kernel: [    4.616288] thermal LNXTHERM:00: registered as thermal_zone0
Nov 29 02:38:36 admin1-HP-EliteBook-Folio-9480m kernel: [    4.616291] ACPI: Thermal Zone [CPUZ] (49 C)
Nov 29 02:38:36 admin1-HP-EliteBook-Folio-9480m kernel: [    4.640525] thermal LNXTHERM:01: registered as thermal_zone1
Nov 29 02:38:36 admin1-HP-EliteBook-Folio-9480m kernel: [    4.640527] ACPI: Thermal Zone [GFXZ] (0 C)
Nov 29 02:38:36 admin1-HP-EliteBook-Folio-9480m kernel: [    4.655620] thermal LNXTHERM:02: registered as thermal_zone2
Nov 29 02:38:36 admin1-HP-EliteBook-Folio-9480m kernel: [    4.655623] ACPI: Thermal Zone [EXTZ] (33 C)
Nov 29 02:38:36 admin1-HP-EliteBook-Folio-9480m kernel: [    4.670765] thermal LNXTHERM:03: registered as thermal_zone3
Nov 29 02:38:36 admin1-HP-EliteBook-Folio-9480m kernel: [    4.670768] ACPI: Thermal Zone [LOCZ] (38 C)
Nov 29 02:38:36 admin1-HP-EliteBook-Folio-9480m kernel: [    4.690019] thermal LNXTHERM:04: registered as thermal_zone4
Nov 29 02:38:36 admin1-HP-EliteBook-Folio-9480m kernel: [    4.690021] ACPI: Thermal Zone [BATZ] (29 C)
Nov 29 02:38:36 admin1-HP-EliteBook-Folio-9480m kernel: [    4.690670] thermal LNXTHERM:05: registered as thermal_zone5
Nov 29 02:38:36 admin1-HP-EliteBook-Folio-9480m kernel: [    4.690671] ACPI: Thermal Zone [PCHZ] (127 C)
Nov 29 02:38:36 admin1-HP-EliteBook-Folio-9480m kernel: [    4.690882] Serial: 8250/16550 driver, 32 ports, IRQ sharing enabled
Nov 29 02:38:36 admin1-HP-EliteBook-Folio-9480m kernel: [    4.692875] serial 0000:00:16.3: enabling device (0000 -> 0003)
Nov 29 02:38:36 admin1-HP-EliteBook-Folio-9480m kernel: [    4.711354] ACPI: Battery Slot [BAT0] (battery present)
Nov 29 02:38:36 admin1-HP-EliteBook-Folio-9480m kernel: [    4.711461] ACPI: Battery Slot [BAT1] (battery absent)
Nov 29 02:38:36 admin1-HP-EliteBook-Folio-9480m kernel: [    4.713377] 0000:00:16.3: ttyS4 at I/O 0x50b0 (irq = 19, base_baud = 115200) is a 16550A
Nov 29 02:38:36 admin1-HP-EliteBook-Folio-9480m kernel: [    4.713732] Linux agpgart interface v0.103
Nov 29 02:38:36 admin1-HP-EliteBook-Folio-9480m kernel: [    4.740595] tpm_tis 00:05: 1.2 TPM (device-id 0x1A, rev-id 16)
Nov 29 02:38:36 admin1-HP-EliteBook-Folio-9480m kernel: [    4.858926] tpm tpm0: A TPM error (7) occurred attempting to read a pcr value
Nov 29 02:38:36 admin1-HP-EliteBook-Folio-9480m kernel: [    4.858932] tpm tpm0: TPM is disabled/deactivated (0x7)
Nov 29 02:38:36 admin1-HP-EliteBook-Folio-9480m kernel: [    4.862851] loop: module loaded
Nov 29 02:38:36 admin1-HP-EliteBook-Folio-9480m kernel: [    4.863043] libphy: Fixed MDIO Bus: probed
Nov 29 02:38:36 admin1-HP-EliteBook-Folio-9480m kernel: [    4.863044] tun: Universal TUN/TAP device driver, 1.6
Nov 29 02:38:36 admin1-HP-EliteBook-Folio-9480m kernel: [    4.863085] PPP generic driver version 2.4.2
Nov 29 02:38:36 admin1-HP-EliteBook-Folio-9480m kernel: [    4.863149] ehci_hcd: USB 2.0 'Enhanced' Host Controller (EHCI) Driver
Nov 29 02:38:36 admin1-HP-EliteBook-Folio-9480m kernel: [    4.863151] ehci-pci: EHCI PCI platform driver
Nov 29 02:38:36 admin1-HP-EliteBook-Folio-9480m kernel: [    4.863381] ehci-pci 0000:00:1d.0: EHCI Host Controller
Nov 29 02:38:36 admin1-HP-EliteBook-Folio-9480m kernel: [    4.863388] ehci-pci 0000:00:1d.0: new USB bus registered, assigned bus number 1
Nov 29 02:38:36 admin1-HP-EliteBook-Folio-9480m kernel: [    4.863399] ehci-pci 0000:00:1d.0: debug port 2
Nov 29 02:38:36 admin1-HP-EliteBook-Folio-9480m kernel: [    4.867317] ehci-pci 0000:00:1d.0: cache line size of 64 is not supported
Nov 29 02:38:36 admin1-HP-EliteBook-Folio-9480m kernel: [    4.867331] ehci-pci 0000:00:1d.0: irq 17, io mem 0xc0739000
Nov 29 02:38:36 admin1-HP-EliteBook-Folio-9480m kernel: [    4.880017] ehci-pci 0000:00:1d.0: USB 2.0 started, EHCI 1.00
Nov 29 02:38:36 admin1-HP-EliteBook-Folio-9480m kernel: [    4.880053] usb usb1: New USB device found, idVendor=1d6b, idProduct=0002
Nov 29 02:38:36 admin1-HP-EliteBook-Folio-9480m kernel: [    4.880055] usb usb1: New USB device strings: Mfr=3, Product=2, SerialNumber=1
Nov 29 02:38:36 admin1-HP-EliteBook-Folio-9480m kernel: [    4.880057] usb usb1: Product: EHCI Host Controller
Nov 29 02:38:36 admin1-HP-EliteBook-Folio-9480m kernel: [    4.880058] usb usb1: Manufacturer: Linux 4.15.0-29-generic ehci_hcd
Nov 29 02:38:36 admin1-HP-EliteBook-Folio-9480m kernel: [    4.880060] usb usb1: SerialNumber: 0000:00:1d.0
Nov 29 02:38:36 admin1-HP-EliteBook-Folio-9480m kernel: [    4.880197] hub 1-0:1.0: USB hub found
Nov 29 02:38:36 admin1-HP-EliteBook-Folio-9480m kernel: [    4.880202] hub 1-0:1.0: 3 ports detected
Nov 29 02:38:36 admin1-HP-EliteBook-Folio-9480m kernel: [    4.880392] ehci-platform: EHCI generic platform driver
Nov 29 02:38:36 admin1-HP-EliteBook-Folio-9480m kernel: [    4.880405] ohci_hcd: USB 1.1 'Open' Host Controller (OHCI) Driver
Nov 29 02:38:36 admin1-HP-EliteBook-Folio-9480m kernel: [    4.880408] ohci-pci: OHCI PCI platform driver
Nov 29 02:38:36 admin1-HP-EliteBook-Folio-9480m kernel: [    4.880416] ohci-platform: OHCI generic platform driver
Nov 29 02:38:36 admin1-HP-EliteBook-Folio-9480m kernel: [    4.880422] uhci_hcd: USB Universal Host Controller Interface driver
Nov 29 02:38:36 admin1-HP-EliteBook-Folio-9480m kernel: [    4.880632] xhci_hcd 0000:00:14.0: xHCI Host Controller
Nov 29 02:38:36 admin1-HP-EliteBook-Folio-9480m kernel: [    4.880638] xhci_hcd 0000:00:14.0: new USB bus registered, assigned bus number 2
Nov 29 02:38:36 admin1-HP-EliteBook-Folio-9480m kernel: [    4.881700] xhci_hcd 0000:00:14.0: hcc params 0x200077c1 hci version 0x100 quirks 0x0004b810
Nov 29 02:38:36 admin1-HP-EliteBook-Folio-9480m kernel: [    4.881705] xhci_hcd 0000:00:14.0: cache line size of 64 is not supported
Nov 29 02:38:36 admin1-HP-EliteBook-Folio-9480m kernel: [    4.881828] usb usb2: New USB device found, idVendor=1d6b, idProduct=0002
Nov 29 02:38:36 admin1-HP-EliteBook-Folio-9480m kernel: [    4.881830] usb usb2: New USB device strings: Mfr=3, Product=2, SerialNumber=1
Nov 29 02:38:36 admin1-HP-EliteBook-Folio-9480m kernel: [    4.881831] usb usb2: Product: xHCI Host Controller
Nov 29 02:38:36 admin1-HP-EliteBook-Folio-9480m kernel: [    4.881833] usb usb2: Manufacturer: Linux 4.15.0-29-generic xhci-hcd
Nov 29 02:38:36 admin1-HP-EliteBook-Folio-9480m kernel: [    4.881835] usb usb2: SerialNumber: 0000:00:14.0
Nov 29 02:38:36 admin1-HP-EliteBook-Folio-9480m kernel: [    4.881958] hub 2-0:1.0: USB hub found
Nov 29 02:38:36 admin1-HP-EliteBook-Folio-9480m kernel: [    4.881969] hub 2-0:1.0: 9 ports detected
Nov 29 02:38:36 admin1-HP-EliteBook-Folio-9480m kernel: [    4.883487] xhci_hcd 0000:00:14.0: xHCI Host Controller
Nov 29 02:38:36 admin1-HP-EliteBook-Folio-9480m kernel: [    4.883491] xhci_hcd 0000:00:14.0: new USB bus registered, assigned bus number 3
Nov 29 02:38:36 admin1-HP-EliteBook-Folio-9480m kernel: [    4.883522] usb usb3: New USB device found, idVendor=1d6b, idProduct=0003
Nov 29 02:38:36 admin1-HP-EliteBook-Folio-9480m kernel: [    4.883524] usb usb3: New USB device strings: Mfr=3, Product=2, SerialNumber=1
Nov 29 02:38:36 admin1-HP-EliteBook-Folio-9480m kernel: [    4.883526] usb usb3: Product: xHCI Host Controller
Nov 29 02:38:36 admin1-HP-EliteBook-Folio-9480m kernel: [    4.883527] usb usb3: Manufacturer: Linux 4.15.0-29-generic xhci-hcd
Nov 29 02:38:36 admin1-HP-EliteBook-Folio-9480m kernel: [    4.883529] usb usb3: SerialNumber: 0000:00:14.0
Nov 29 02:38:36 admin1-HP-EliteBook-Folio-9480m kernel: [    4.883650] hub 3-0:1.0: USB hub found
Nov 29 02:38:36 admin1-HP-EliteBook-Folio-9480m kernel: [    4.883657] hub 3-0:1.0: 4 ports detected
Nov 29 02:38:36 admin1-HP-EliteBook-Folio-9480m kernel: [    4.884231] usb: port power management may be unreliable
Nov 29 02:38:36 admin1-HP-EliteBook-Folio-9480m kernel: [    4.884506] i8042: PNP: PS/2 Controller [PNP0303:PS2K,PNP0f13:PS2M] at 0x60,0x64 irq 1,12
Nov 29 02:38:36 admin1-HP-EliteBook-Folio-9480m kernel: [    4.885702] i8042: Detected active multiplexing controller, rev 1.1
Nov 29 02:38:36 admin1-HP-EliteBook-Folio-9480m kernel: [    4.886343] serio: i8042 KBD port at 0x60,0x64 irq 1
Nov 29 02:38:36 admin1-HP-EliteBook-Folio-9480m kernel: [    4.886347] serio: i8042 AUX0 port at 0x60,0x64 irq 12
Nov 29 02:38:36 admin1-HP-EliteBook-Folio-9480m kernel: [    4.886375] serio: i8042 AUX1 port at 0x60,0x64 irq 12
Nov 29 02:38:36 admin1-HP-EliteBook-Folio-9480m kernel: [    4.886396] serio: i8042 AUX2 port at 0x60,0x64 irq 12
Nov 29 02:38:36 admin1-HP-EliteBook-Folio-9480m kernel: [    4.886416] serio: i8042 AUX3 port at 0x60,0x64 irq 12
Nov 29 02:38:36 admin1-HP-EliteBook-Folio-9480m kernel: [    4.886570] mousedev: PS/2 mouse device common for all mice
Nov 29 02:38:36 admin1-HP-EliteBook-Folio-9480m kernel: [    4.886822] rtc_cmos 00:02: RTC can wake from S4
Nov 29 02:38:36 admin1-HP-EliteBook-Folio-9480m kernel: [    4.886954] rtc_cmos 00:02: rtc core: registered rtc_cmos as rtc0
Nov 29 02:38:36 admin1-HP-EliteBook-Folio-9480m kernel: [    4.886982] rtc_cmos 00:02: alarms up to one month, y3k, 242 bytes nvram, hpet irqs
Nov 29 02:38:36 admin1-HP-EliteBook-Folio-9480m kernel: [    4.886989] i2c /dev entries driver
Nov 29 02:38:36 admin1-HP-EliteBook-Folio-9480m kernel: [    4.887042] device-mapper: uevent: version 1.0.3
Nov 29 02:38:36 admin1-HP-EliteBook-Folio-9480m kernel: [    4.887111] device-mapper: ioctl: 4.37.0-ioctl (2017-09-20) initialised: dm-devel@redhat.com
Nov 29 02:38:36 admin1-HP-EliteBook-Folio-9480m kernel: [    4.887120] intel_pstate: Intel P-state driver initializing
Nov 29 02:38:36 admin1-HP-EliteBook-Folio-9480m kernel: [    4.887309] ledtrig-cpu: registered to indicate activity on CPUs
Nov 29 02:38:36 admin1-HP-EliteBook-Folio-9480m kernel: [    4.887312] EFI Variables Facility v0.08 2004-May-17
Nov 29 02:38:36 admin1-HP-EliteBook-Folio-9480m kernel: [    4.913605] input: AT Translated Set 2 keyboard as /devices/platform/i8042/serio0/input/input3
Nov 29 02:38:36 admin1-HP-EliteBook-Folio-9480m kernel: [    5.118532] NET: Registered protocol family 10
Nov 29 02:38:36 admin1-HP-EliteBook-Folio-9480m kernel: [    5.121760] Segment Routing with IPv6
Nov 29 02:38:36 admin1-HP-EliteBook-Folio-9480m kernel: [    5.121778] NET: Registered protocol family 17
Nov 29 02:38:36 admin1-HP-EliteBook-Folio-9480m kernel: [    5.121809] Key type dns_resolver registered
Nov 29 02:38:36 admin1-HP-EliteBook-Folio-9480m kernel: [    5.121994] RAS: Correctable Errors collector initialized.
Nov 29 02:38:36 admin1-HP-EliteBook-Folio-9480m kernel: [    5.122018] microcode: sig=0x40651, pf=0x40, revision=0x23
Nov 29 02:38:36 admin1-HP-EliteBook-Folio-9480m kernel: [    5.122059] microcode: Microcode Update Driver: v2.2.
Nov 29 02:38:36 admin1-HP-EliteBook-Folio-9480m kernel: [    5.122071] sched_clock: Marking stable (5122056221, 0)->(5111056646, 10999575)
Nov 29 02:38:36 admin1-HP-EliteBook-Folio-9480m kernel: [    5.122219] registered taskstats version 1
Nov 29 02:38:36 admin1-HP-EliteBook-Folio-9480m kernel: [    5.122225] Loading compiled-in X.509 certificates
Nov 29 02:38:36 admin1-HP-EliteBook-Folio-9480m kernel: [    5.124207] Loaded X.509 cert 'Build time autogenerated kernel key: 1cc37f41791529df57507d3747a6804ab53f482b'
Nov 29 02:38:36 admin1-HP-EliteBook-Folio-9480m kernel: [    5.130393] Couldn't get size: 0x800000000000000e
Nov 29 02:38:36 admin1-HP-EliteBook-Folio-9480m kernel: [    5.130395] MODSIGN: Couldn't get UEFI db list
Nov 29 02:38:36 admin1-HP-EliteBook-Folio-9480m kernel: [    5.138377] Loaded UEFI:MokListRT cert 'Canonical Ltd. Master Certificate Authority: ad91990bc22ab1f517048c23b6655a268e345a63' linked to secondary sys keyring
Nov 29 02:38:36 admin1-HP-EliteBook-Folio-9480m kernel: [    5.141482] Couldn't get size: 0x800000000000000e
Nov 29 02:38:36 admin1-HP-EliteBook-Folio-9480m kernel: [    5.141484] MODSIGN: Couldn't get UEFI dbx list
Nov 29 02:38:36 admin1-HP-EliteBook-Folio-9480m kernel: [    5.141503] zswap: loaded using pool lzo/zbud
Nov 29 02:38:36 admin1-HP-EliteBook-Folio-9480m kernel: [    5.144356] Key type big_key registered
Nov 29 02:38:36 admin1-HP-EliteBook-Folio-9480m kernel: [    5.144360] Key type trusted registered
Nov 29 02:38:36 admin1-HP-EliteBook-Folio-9480m kernel: [    5.145858] Key type encrypted registered
Nov 29 02:38:36 admin1-HP-EliteBook-Folio-9480m kernel: [    5.145862] AppArmor: AppArmor sha1 policy hashing enabled
Nov 29 02:38:36 admin1-HP-EliteBook-Folio-9480m kernel: [    5.167286] tpm tpm0: A TPM error (7) occurred attempting to read a pcr value
Nov 29 02:38:36 admin1-HP-EliteBook-Folio-9480m kernel: [    5.167290] ima: No TPM chip found, activating TPM-bypass! (rc=7)
Nov 29 02:38:36 admin1-HP-EliteBook-Folio-9480m kernel: [    5.167327] evm: HMAC attrs: 0x1
Nov 29 02:38:36 admin1-HP-EliteBook-Folio-9480m kernel: [    5.168049]   Magic number: 11:429:147
Nov 29 02:38:36 admin1-HP-EliteBook-Folio-9480m kernel: [    5.168094] xhci_hcd 0000:00:14.0: hash matches
Nov 29 02:38:36 admin1-HP-EliteBook-Folio-9480m kernel: [    5.168110] acpi device:18: hash matches
Nov 29 02:38:36 admin1-HP-EliteBook-Folio-9480m kernel: [    5.168183] rtc_cmos 00:02: setting system clock to 2019-11-28 21:08:26 UTC (1574975306)
Nov 29 02:38:36 admin1-HP-EliteBook-Folio-9480m kernel: [    5.168302] BIOS EDD facility v0.16 2004-Jun-25, 0 devices found
Nov 29 02:38:36 admin1-HP-EliteBook-Folio-9480m kernel: [    5.168303] EDD information not available.
Nov 29 02:38:36 admin1-HP-EliteBook-Folio-9480m kernel: [    5.170669] Freeing unused kernel memory: 2408K
Nov 29 02:38:36 admin1-HP-EliteBook-Folio-9480m kernel: [    5.192071] Write protecting the kernel read-only data: 20480k
Nov 29 02:38:36 admin1-HP-EliteBook-Folio-9480m kernel: [    5.192606] Freeing unused kernel memory: 2008K
Nov 29 02:38:36 admin1-HP-EliteBook-Folio-9480m kernel: [    5.196276] Freeing unused kernel memory: 1904K
Nov 29 02:38:36 admin1-HP-EliteBook-Folio-9480m kernel: [    5.201329] x86/mm: Checked W+X mappings: passed, no W+X pages found.
Nov 29 02:38:36 admin1-HP-EliteBook-Folio-9480m kernel: [    5.201330] x86/mm: Checking user space page tables
Nov 29 02:38:36 admin1-HP-EliteBook-Folio-9480m kernel: [    5.206275] x86/mm: Checked W+X mappings: passed, no W+X pages found.
Nov 29 02:38:36 admin1-HP-EliteBook-Folio-9480m kernel: [    5.220036] usb 1-1: new high-speed USB device number 2 using ehci-pci
Nov 29 02:38:36 admin1-HP-EliteBook-Folio-9480m kernel: [    5.220051] usb 2-3: new high-speed USB device number 2 using xhci_hcd
Nov 29 02:38:36 admin1-HP-EliteBook-Folio-9480m kernel: [    5.276214] pps_core: LinuxPPS API ver. 1 registered
Nov 29 02:38:36 admin1-HP-EliteBook-Folio-9480m kernel: [    5.276215] pps_core: Software ver. 5.3.6 - Copyright 2005-2007 Rodolfo Giometti <giometti@linux.it>
Nov 29 02:38:36 admin1-HP-EliteBook-Folio-9480m kernel: [    5.277723] PTP clock support registered
Nov 29 02:38:36 admin1-HP-EliteBook-Folio-9480m kernel: [    5.280218] ahci 0000:00:1f.2: version 3.0
Nov 29 02:38:36 admin1-HP-EliteBook-Folio-9480m kernel: [    5.283918] e1000e: Intel(R) PRO/1000 Network Driver - 3.2.6-k
Nov 29 02:38:36 admin1-HP-EliteBook-Folio-9480m kernel: [    5.283919] e1000e: Copyright(c) 1999 - 2015 Intel Corporation.
Nov 29 02:38:36 admin1-HP-EliteBook-Folio-9480m kernel: [    5.295231] ahci 0000:00:1f.2: AHCI 0001.0300 32 slots 2 ports 6 Gbps 0x2 impl SATA mode
Nov 29 02:38:36 admin1-HP-EliteBook-Folio-9480m kernel: [    5.295235] ahci 0000:00:1f.2: flags: 64bit ncq pm led clo only pio slum part deso sadm sds apst 
Nov 29 02:38:36 admin1-HP-EliteBook-Folio-9480m kernel: [    5.295521] scsi host0: ahci
Nov 29 02:38:36 admin1-HP-EliteBook-Folio-9480m kernel: [    5.296035] scsi host1: ahci
Nov 29 02:38:36 admin1-HP-EliteBook-Folio-9480m kernel: [    5.296084] ata1: DUMMY
Nov 29 02:38:36 admin1-HP-EliteBook-Folio-9480m kernel: [    5.296086] ata2: SATA max UDMA/133 abar m2048@0xc0738000 port 0xc0738180 irq 44
Nov 29 02:38:36 admin1-HP-EliteBook-Folio-9480m kernel: [    5.296439] e1000e 0000:00:19.0: Interrupt Throttling Rate (ints/sec) set to dynamic conservative mode
Nov 29 02:38:36 admin1-HP-EliteBook-Folio-9480m kernel: [    5.368703] usb 2-3: New USB device found, idVendor=0424, idProduct=2134
Nov 29 02:38:36 admin1-HP-EliteBook-Folio-9480m kernel: [    5.368706] usb 2-3: New USB device strings: Mfr=1, Product=2, SerialNumber=0
Nov 29 02:38:36 admin1-HP-EliteBook-Folio-9480m kernel: [    5.368707] usb 2-3: Product: USB2134B
Nov 29 02:38:36 admin1-HP-EliteBook-Folio-9480m kernel: [    5.368709] usb 2-3: Manufacturer: SMSC
Nov 29 02:38:36 admin1-HP-EliteBook-Folio-9480m kernel: [    5.369027] hub 2-3:1.0: USB hub found
Nov 29 02:38:36 admin1-HP-EliteBook-Folio-9480m kernel: [    5.369082] hub 2-3:1.0: 3 ports detected
Nov 29 02:38:36 admin1-HP-EliteBook-Folio-9480m kernel: [    5.376408] usb 1-1: New USB device found, idVendor=8087, idProduct=8000
Nov 29 02:38:36 admin1-HP-EliteBook-Folio-9480m kernel: [    5.376410] usb 1-1: New USB device strings: Mfr=0, Product=0, SerialNumber=0
Nov 29 02:38:36 admin1-HP-EliteBook-Folio-9480m kernel: [    5.376713] hub 1-1:1.0: USB hub found
Nov 29 02:38:36 admin1-HP-EliteBook-Folio-9480m kernel: [    5.376781] hub 1-1:1.0: 8 ports detected
Nov 29 02:38:36 admin1-HP-EliteBook-Folio-9480m kernel: [    5.481725] e1000e 0000:00:19.0 0000:00:19.0 (uninitialized): registered PHC clock
Nov 29 02:38:36 admin1-HP-EliteBook-Folio-9480m kernel: [    5.496189] usb 3-3: new SuperSpeed USB device number 2 using xhci_hcd
Nov 29 02:38:36 admin1-HP-EliteBook-Folio-9480m kernel: [    5.516662] usb 3-3: New USB device found, idVendor=0424, idProduct=5534
Nov 29 02:38:36 admin1-HP-EliteBook-Folio-9480m kernel: [    5.516664] usb 3-3: New USB device strings: Mfr=2, Product=3, SerialNumber=0
Nov 29 02:38:36 admin1-HP-EliteBook-Folio-9480m kernel: [    5.516666] usb 3-3: Product: USB5534B
Nov 29 02:38:36 admin1-HP-EliteBook-Folio-9480m kernel: [    5.516668] usb 3-3: Manufacturer: SMSC
Nov 29 02:38:36 admin1-HP-EliteBook-Folio-9480m kernel: [    5.517231] hub 3-3:1.0: USB hub found
Nov 29 02:38:36 admin1-HP-EliteBook-Folio-9480m kernel: [    5.517410] hub 3-3:1.0: 3 ports detected
Nov 29 02:38:36 admin1-HP-EliteBook-Folio-9480m kernel: [    5.548203] e1000e 0000:00:19.0 eth0: (PCI Express:2.5GT/s:Width x1) 50:65:f3:b7:ac:a9
Nov 29 02:38:36 admin1-HP-EliteBook-Folio-9480m kernel: [    5.548205] e1000e 0000:00:19.0 eth0: Intel(R) PRO/1000 Network Connection
Nov 29 02:38:36 admin1-HP-EliteBook-Folio-9480m kernel: [    5.548244] e1000e 0000:00:19.0 eth0: MAC: 11, PHY: 12, PBA No: FFFFFF-0FF
Nov 29 02:38:36 admin1-HP-EliteBook-Folio-9480m kernel: [    5.548905] e1000e 0000:00:19.0 enp0s25: renamed from eth0
Nov 29 02:38:36 admin1-HP-EliteBook-Folio-9480m kernel: [    5.549269] [drm] Memory usable by graphics device = 2048M
Nov 29 02:38:36 admin1-HP-EliteBook-Folio-9480m kernel: [    5.549272] checking generic (b0000000 300000) vs hw (b0000000 10000000)
Nov 29 02:38:36 admin1-HP-EliteBook-Folio-9480m kernel: [    5.549273] fb: switching to inteldrmfb from EFI VGA
Nov 29 02:38:36 admin1-HP-EliteBook-Folio-9480m kernel: [    5.549293] Console: switching to colour dummy device 80x25
Nov 29 02:38:36 admin1-HP-EliteBook-Folio-9480m kernel: [    5.549378] [drm] Replacing VGA console driver
Nov 29 02:38:36 admin1-HP-EliteBook-Folio-9480m kernel: [    5.549409] [drm] ACPI BIOS requests an excessive sleep of 5000 ms, using 1500 ms instead
Nov 29 02:38:36 admin1-HP-EliteBook-Folio-9480m kernel: [    5.555392] [drm] Supports vblank timestamp caching Rev 2 (21.10.2013).
Nov 29 02:38:36 admin1-HP-EliteBook-Folio-9480m kernel: [    5.555393] [drm] Driver supports precise vblank timestamp query.
Nov 29 02:38:36 admin1-HP-EliteBook-Folio-9480m kernel: [    5.557507] i915 0000:00:02.0: vgaarb: changed VGA decodes: olddecodes=io+mem,decodes=io+mem:owns=io+mem
Nov 29 02:38:36 admin1-HP-EliteBook-Folio-9480m kernel: [    5.559688] random: fast init done
Nov 29 02:38:36 admin1-HP-EliteBook-Folio-9480m kernel: [    5.572329] random: systemd-udevd: uninitialized urandom read (16 bytes read)
Nov 29 02:38:36 admin1-HP-EliteBook-Folio-9480m kernel: [    5.572341] random: systemd-udevd: uninitialized urandom read (16 bytes read)
Nov 29 02:38:36 admin1-HP-EliteBook-Folio-9480m kernel: [    5.572497] random: systemd-udevd: uninitialized urandom read (16 bytes read)
Nov 29 02:38:36 admin1-HP-EliteBook-Folio-9480m kernel: [    5.572507] random: systemd-udevd: uninitialized urandom read (16 bytes read)
Nov 29 02:38:36 admin1-HP-EliteBook-Folio-9480m kernel: [    5.572549] random: systemd-udevd: uninitialized urandom read (16 bytes read)
Nov 29 02:38:36 admin1-HP-EliteBook-Folio-9480m kernel: [    5.572674] random: systemd-udevd: uninitialized urandom read (16 bytes read)
Nov 29 02:38:36 admin1-HP-EliteBook-Folio-9480m kernel: [    5.572729] random: systemd-udevd: uninitialized urandom read (16 bytes read)
Nov 29 02:38:36 admin1-HP-EliteBook-Folio-9480m kernel: [    5.572737] random: systemd-udevd: uninitialized urandom read (16 bytes read)
Nov 29 02:38:36 admin1-HP-EliteBook-Folio-9480m kernel: [    5.572754] random: systemd-udevd: uninitialized urandom read (16 bytes read)
Nov 29 02:38:36 admin1-HP-EliteBook-Folio-9480m kernel: [    5.572757] random: systemd-udevd: uninitialized urandom read (16 bytes read)
Nov 29 02:38:36 admin1-HP-EliteBook-Folio-9480m kernel: [    5.584139] [drm] Initialized i915 1.6.0 20171023 for 0000:00:02.0 on minor 0
Nov 29 02:38:36 admin1-HP-EliteBook-Folio-9480m kernel: [    5.585899] ACPI: Video Device [GFX0] (multi-head: yes  rom: no  post: no)
Nov 29 02:38:36 admin1-HP-EliteBook-Folio-9480m kernel: [    5.586357] input: Video Bus as /devices/LNXSYSTM:00/LNXSYBUS:00/PNP0A08:00/LNXVIDEO:00/input/input10
Nov 29 02:38:36 admin1-HP-EliteBook-Folio-9480m kernel: [    5.596152] tsc: Refined TSC clocksource calibration: 2593.991 MHz
Nov 29 02:38:36 admin1-HP-EliteBook-Folio-9480m kernel: [    5.596161] clocksource: tsc: mask: 0xffffffffffffffff max_cycles: 0x25640fc6114, max_idle_ns: 440795275253 ns
Nov 29 02:38:36 admin1-HP-EliteBook-Folio-9480m kernel: [    5.610774] ata2: SATA link up 6.0 Gbps (SStatus 133 SControl 300)
Nov 29 02:38:36 admin1-HP-EliteBook-Folio-9480m kernel: [    5.621912] fbcon: inteldrmfb (fb0) is primary device
Nov 29 02:38:36 admin1-HP-EliteBook-Folio-9480m kernel: [    5.621985] Console: switching to colour frame buffer device 170x48
Nov 29 02:38:36 admin1-HP-EliteBook-Folio-9480m kernel: [    5.622016] i915 0000:00:02.0: fb0: inteldrmfb frame buffer device
Nov 29 02:38:36 admin1-HP-EliteBook-Folio-9480m kernel: [    5.644117] usb 2-4: new full-speed USB device number 3 using xhci_hcd
Nov 29 02:38:36 admin1-HP-EliteBook-Folio-9480m kernel: [    5.706738] ata2.00: ATA-8: TOSHIBA MQ02ABF050H, HDF01D, max UDMA/100
Nov 29 02:38:36 admin1-HP-EliteBook-Folio-9480m kernel: [    5.706741] ata2.00: 976773168 sectors, multi 16: LBA48 NCQ (depth 31/32), AA
Nov 29 02:38:36 admin1-HP-EliteBook-Folio-9480m kernel: [    5.710101] ata2.00: configured for UDMA/100
Nov 29 02:38:36 admin1-HP-EliteBook-Folio-9480m kernel: [    5.710392] scsi 1:0:0:0: Direct-Access     ATA      TOSHIBA MQ02ABF0 1D   PQ: 0 ANSI: 5
Nov 29 02:38:36 admin1-HP-EliteBook-Folio-9480m kernel: [    5.710773] sd 1:0:0:0: Attached scsi generic sg0 type 0
Nov 29 02:38:36 admin1-HP-EliteBook-Folio-9480m kernel: [    5.710859] sd 1:0:0:0: [sda] 976773168 512-byte logical blocks: (500 GB/466 GiB)
Nov 29 02:38:36 admin1-HP-EliteBook-Folio-9480m kernel: [    5.710863] sd 1:0:0:0: [sda] 4096-byte physical blocks
Nov 29 02:38:36 admin1-HP-EliteBook-Folio-9480m kernel: [    5.710881] sd 1:0:0:0: [sda] Write Protect is off
Nov 29 02:38:36 admin1-HP-EliteBook-Folio-9480m kernel: [    5.710885] sd 1:0:0:0: [sda] Mode Sense: 00 3a 00 00
Nov 29 02:38:36 admin1-HP-EliteBook-Folio-9480m kernel: [    5.710933] sd 1:0:0:0: [sda] Write cache: enabled, read cache: enabled, doesn't support DPO or FUA
Nov 29 02:38:36 admin1-HP-EliteBook-Folio-9480m kernel: [    5.714164]  sda: sda1 sda2
Nov 29 02:38:36 admin1-HP-EliteBook-Folio-9480m kernel: [    5.714547] sd 1:0:0:0: [sda] Attached SCSI disk
Nov 29 02:38:36 admin1-HP-EliteBook-Folio-9480m kernel: [    5.793401] usb 2-4: New USB device found, idVendor=8087, idProduct=07dc
Nov 29 02:38:36 admin1-HP-EliteBook-Folio-9480m kernel: [    5.793403] usb 2-4: New USB device strings: Mfr=0, Product=0, SerialNumber=0
Nov 29 02:38:36 admin1-HP-EliteBook-Folio-9480m kernel: [    5.872118] usb 2-3.3: new high-speed USB device number 4 using xhci_hcd
Nov 29 02:38:36 admin1-HP-EliteBook-Folio-9480m kernel: [    5.974015] usb 2-3.3: New USB device found, idVendor=090c, idProduct=1000
Nov 29 02:38:36 admin1-HP-EliteBook-Folio-9480m kernel: [    5.974017] usb 2-3.3: New USB device strings: Mfr=1, Product=2, SerialNumber=0
Nov 29 02:38:36 admin1-HP-EliteBook-Folio-9480m kernel: [    5.974019] usb 2-3.3: Product: USB DISK
Nov 29 02:38:36 admin1-HP-EliteBook-Folio-9480m kernel: [    5.974020] usb 2-3.3: Manufacturer: SMI Corporation
Nov 29 02:38:36 admin1-HP-EliteBook-Folio-9480m kernel: [    6.100118] usb 2-7: new high-speed USB device number 5 using xhci_hcd
Nov 29 02:38:36 admin1-HP-EliteBook-Folio-9480m kernel: [    6.331844] usb 2-7: New USB device found, idVendor=05c8, idProduct=0374
Nov 29 02:38:36 admin1-HP-EliteBook-Folio-9480m kernel: [    6.331847] usb 2-7: New USB device strings: Mfr=1, Product=2, SerialNumber=0
Nov 29 02:38:36 admin1-HP-EliteBook-Folio-9480m kernel: [    6.331849] usb 2-7: Product: HP HD Webcam
Nov 29 02:38:36 admin1-HP-EliteBook-Folio-9480m kernel: [    6.331850] usb 2-7: Manufacturer: SunplusIT INC.
Nov 29 02:38:36 admin1-HP-EliteBook-Folio-9480m kernel: [    6.373026] input: PS/2 Generic Mouse as /devices/platform/i8042/serio2/input/input9
Nov 29 02:38:36 admin1-HP-EliteBook-Folio-9480m kernel: [    6.406134] usb-storage 2-3.3:1.0: USB Mass Storage device detected
Nov 29 02:38:36 admin1-HP-EliteBook-Folio-9480m kernel: [    6.406243] scsi host2: usb-storage 2-3.3:1.0
Nov 29 02:38:36 admin1-HP-EliteBook-Folio-9480m kernel: [    6.406327] usbcore: registered new interface driver usb-storage
Nov 29 02:38:36 admin1-HP-EliteBook-Folio-9480m kernel: [    6.407377] usbcore: registered new interface driver uas
Nov 29 02:38:36 admin1-HP-EliteBook-Folio-9480m kernel: [    6.620085] clocksource: Switched to clocksource tsc
Nov 29 02:38:36 admin1-HP-EliteBook-Folio-9480m kernel: [    6.624696] EXT4-fs (sda2): mounted filesystem with ordered data mode. Opts: (null)
Nov 29 02:38:36 admin1-HP-EliteBook-Folio-9480m kernel: [    6.772068] psmouse serio3: synaptics: queried max coordinates: x [..5660], y [..4742]
Nov 29 02:38:36 admin1-HP-EliteBook-Folio-9480m kernel: [    6.802495] psmouse serio3: synaptics: queried min coordinates: x [1282..], y [1110..]
Nov 29 02:38:36 admin1-HP-EliteBook-Folio-9480m kernel: [    6.802502] psmouse serio3: synaptics: Your touchpad (PNP: SYN3027 SYN0100 SYN0002 PNP0f13) says it can support a different bus. If i2c-hid and hid-rmi are not used, you might want to try setting psmouse.synaptics_intertouch to 1 and report this to linux-input@vger.kernel.org.
Nov 29 02:38:36 admin1-HP-EliteBook-Folio-9480m kernel: [    6.858977] psmouse serio3: synaptics: Touchpad model: 1, fw: 8.1, id: 0x1e2b1, caps: 0xd00123/0x840300/0x27c00/0x0, board id: 2251, fw id: 1522164
Nov 29 02:38:36 admin1-HP-EliteBook-Folio-9480m kernel: [    6.894932] input: SynPS/2 Synaptics TouchPad as /devices/platform/i8042/serio3/input/input11
Nov 29 02:38:36 admin1-HP-EliteBook-Folio-9480m kernel: [    7.174422] ip_tables: (C) 2000-2006 Netfilter Core Team
Nov 29 02:38:36 admin1-HP-EliteBook-Folio-9480m kernel: [    7.518006] scsi 2:0:0:0: Direct-Access     SMI      USB DISK         1100 PQ: 0 ANSI: 4
Nov 29 02:38:36 admin1-HP-EliteBook-Folio-9480m kernel: [    7.518175] sd 2:0:0:0: Attached scsi generic sg1 type 0
Nov 29 02:38:36 admin1-HP-EliteBook-Folio-9480m kernel: [    7.519460] sd 2:0:0:0: [sdb] 31948800 512-byte logical blocks: (16.4 GB/15.2 GiB)
Nov 29 02:38:36 admin1-HP-EliteBook-Folio-9480m kernel: [    7.520124] sd 2:0:0:0: [sdb] Write Protect is off
Nov 29 02:38:36 admin1-HP-EliteBook-Folio-9480m kernel: [    7.520125] sd 2:0:0:0: [sdb] Mode Sense: 43 00 00 00
Nov 29 02:38:36 admin1-HP-EliteBook-Folio-9480m kernel: [    7.520792] sd 2:0:0:0: [sdb] Write cache: enabled, read cache: enabled, doesn't support DPO or FUA
Nov 29 02:38:36 admin1-HP-EliteBook-Folio-9480m kernel: [    7.526548]  sdb: sdb1
Nov 29 02:38:36 admin1-HP-EliteBook-Folio-9480m kernel: [    7.530027] sd 2:0:0:0: [sdb] Attached SCSI removable disk
Nov 29 02:38:36 admin1-HP-EliteBook-Folio-9480m kernel: [    8.248523] EXT4-fs (sda2): re-mounted. Opts: errors=remount-ro
Nov 29 02:38:36 admin1-HP-EliteBook-Folio-9480m kernel: [    8.731147] lp: driver loaded but no devices found
Nov 29 02:38:36 admin1-HP-EliteBook-Folio-9480m kernel: [    8.833108] ppdev: user-space parallel port driver
Nov 29 02:38:36 admin1-HP-EliteBook-Folio-9480m kernel: [    8.865324] Adding 2097148k swap on /swapfile.  Priority:-2 extents:6 across:2260988k FS
Nov 29 02:38:36 admin1-HP-EliteBook-Folio-9480m kernel: [    8.980173] random: crng init done
Nov 29 02:38:36 admin1-HP-EliteBook-Folio-9480m kernel: [    9.556217] input: HP Wireless hotkeys as /devices/virtual/input/input13
Nov 29 02:38:36 admin1-HP-EliteBook-Folio-9480m kernel: [    9.558285] hp_accel: laptop model unknown, using default axes configuration
Nov 29 02:38:36 admin1-HP-EliteBook-Folio-9480m kernel: [    9.594587] shpchp: Standard Hot Plug PCI Controller Driver version: 0.4
Nov 29 02:38:36 admin1-HP-EliteBook-Folio-9480m kernel: [    9.691758] lis3lv02d: 8 bits 3DC sensor found
Nov 29 02:38:36 admin1-HP-EliteBook-Folio-9480m kernel: [    9.702680] cfg80211: Loading compiled-in X.509 certificates for regulatory database
Nov 29 02:38:36 admin1-HP-EliteBook-Folio-9480m kernel: [    9.702943] cfg80211: Loaded X.509 cert 'sforshee: 00b28ddf47aef9cea7'
Nov 29 02:38:36 admin1-HP-EliteBook-Folio-9480m kernel: [    9.783450] Intel(R) Wireless WiFi driver for Linux
Nov 29 02:38:36 admin1-HP-EliteBook-Folio-9480m kernel: [    9.783451] Copyright(c) 2003- 2015 Intel Corporation
Nov 29 02:38:36 admin1-HP-EliteBook-Folio-9480m kernel: [    9.783629] iwlwifi 0000:08:00.0: enabling device (0000 -> 0002)
Nov 29 02:38:36 admin1-HP-EliteBook-Folio-9480m kernel: [    9.898027] Bluetooth: Core ver 2.22
Nov 29 02:38:36 admin1-HP-EliteBook-Folio-9480m kernel: [    9.898044] NET: Registered protocol family 31
Nov 29 02:38:36 admin1-HP-EliteBook-Folio-9480m kernel: [    9.898045] Bluetooth: HCI device and connection manager initialized
Nov 29 02:38:36 admin1-HP-EliteBook-Folio-9480m kernel: [    9.898048] Bluetooth: HCI socket layer initialized
Nov 29 02:38:36 admin1-HP-EliteBook-Folio-9480m kernel: [    9.898050] Bluetooth: L2CAP socket layer initialized
Nov 29 02:38:36 admin1-HP-EliteBook-Folio-9480m kernel: [    9.898054] Bluetooth: SCO socket layer initialized
Nov 29 02:38:36 admin1-HP-EliteBook-Folio-9480m kernel: [    9.929733] iwlwifi 0000:08:00.0: loaded firmware version 17.948900127.0 op_mode iwlmvm
Nov 29 02:38:36 admin1-HP-EliteBook-Folio-9480m kernel: [   10.036603] iwlwifi 0000:08:00.0: Detected Intel(R) Dual Band Wireless N 7260, REV=0x144
Nov 29 02:38:36 admin1-HP-EliteBook-Folio-9480m kernel: [   10.057497] iwlwifi 0000:08:00.0: base HW address: 90:2e:1c:d2:62:75
Nov 29 02:38:36 admin1-HP-EliteBook-Folio-9480m kernel: [   10.378180] usbcore: registered new interface driver btusb
Nov 29 02:38:36 admin1-HP-EliteBook-Folio-9480m kernel: [   10.390981] Bluetooth: hci0: read Intel version: 370710018002030d00
Nov 29 02:38:36 admin1-HP-EliteBook-Folio-9480m kernel: [   10.393913] hp_wmi: query 0xd returned error 0x5
Nov 29 02:38:36 admin1-HP-EliteBook-Folio-9480m kernel: [   10.393958] input: HP WMI hotkeys as /devices/virtual/input/input14
Nov 29 02:38:36 admin1-HP-EliteBook-Folio-9480m kernel: [   10.425980] Bluetooth: hci0: Intel Bluetooth firmware file: intel/ibt-hw-37.7.10-fw-1.80.2.3.d.bseq
Nov 29 02:38:36 admin1-HP-EliteBook-Folio-9480m kernel: [   10.546968] Bluetooth: hci0: Intel firmware patch completed and activated
Nov 29 02:38:36 admin1-HP-EliteBook-Folio-9480m kernel: [   10.572332] RAPL PMU: API unit is 2^-32 Joules, 4 fixed counters, 655360 ms ovfl timer
Nov 29 02:38:36 admin1-HP-EliteBook-Folio-9480m kernel: [   10.572333] RAPL PMU: hw unit of domain pp0-core 2^-14 Joules
Nov 29 02:38:36 admin1-HP-EliteBook-Folio-9480m kernel: [   10.572334] RAPL PMU: hw unit of domain package 2^-14 Joules
Nov 29 02:38:36 admin1-HP-EliteBook-Folio-9480m kernel: [   10.572335] RAPL PMU: hw unit of domain dram 2^-14 Joules
Nov 29 02:38:36 admin1-HP-EliteBook-Folio-9480m kernel: [   10.572336] RAPL PMU: hw unit of domain pp1-gpu 2^-14 Joules
Nov 29 02:38:36 admin1-HP-EliteBook-Folio-9480m kernel: [   10.740130] AVX2 version of gcm_enc/dec engaged.
Nov 29 02:38:36 admin1-HP-EliteBook-Folio-9480m kernel: [   10.740131] AES CTR mode by8 optimization enabled
Nov 29 02:38:36 admin1-HP-EliteBook-Folio-9480m kernel: [   10.853166] snd_hda_intel 0000:00:03.0: enabling device (0000 -> 0002)
Nov 29 02:38:36 admin1-HP-EliteBook-Folio-9480m kernel: [   10.853474] snd_hda_intel 0000:00:03.0: bound 0000:00:02.0 (ops i915_audio_component_bind_ops [i915])
Nov 29 02:38:36 admin1-HP-EliteBook-Folio-9480m kernel: [   10.853523] snd_hda_intel 0000:00:1b.0: enabling device (0000 -> 0002)
Nov 29 02:38:36 admin1-HP-EliteBook-Folio-9480m kernel: [   10.865911] media: Linux media interface: v0.10
Nov 29 02:38:36 admin1-HP-EliteBook-Folio-9480m kernel: [   10.868759] ieee80211 phy0: Selected rate control algorithm 'iwl-mvm-rs'
Nov 29 02:38:36 admin1-HP-EliteBook-Folio-9480m kernel: [   10.894960] Linux video capture interface: v2.00
Nov 29 02:38:36 admin1-HP-EliteBook-Folio-9480m kernel: [   11.001520] uvcvideo: Found UVC 1.00 device HP HD Webcam (05c8:0374)
Nov 29 02:38:36 admin1-HP-EliteBook-Folio-9480m kernel: [   11.010049] uvcvideo 2-7:1.0: Entity type for entity Extension 4 was not initialized!
Nov 29 02:38:36 admin1-HP-EliteBook-Folio-9480m kernel: [   11.010052] uvcvideo 2-7:1.0: Entity type for entity Extension 3 was not initialized!
Nov 29 02:38:36 admin1-HP-EliteBook-Folio-9480m kernel: [   11.010053] uvcvideo 2-7:1.0: Entity type for entity Processing 2 was not initialized!
Nov 29 02:38:36 admin1-HP-EliteBook-Folio-9480m kernel: [   11.010055] uvcvideo 2-7:1.0: Entity type for entity Camera 1 was not initialized!
Nov 29 02:38:36 admin1-HP-EliteBook-Folio-9480m kernel: [   11.010123] input: HP HD Webcam: HP HD Webcam as /devices/pci0000:00/0000:00:14.0/usb2/2-7/2-7:1.0/input/input15
Nov 29 02:38:36 admin1-HP-EliteBook-Folio-9480m kernel: [   11.010187] usbcore: registered new interface driver uvcvideo
Nov 29 02:38:36 admin1-HP-EliteBook-Folio-9480m kernel: [   11.010187] USB Video Class driver (1.1.1)
Nov 29 02:38:36 admin1-HP-EliteBook-Folio-9480m kernel: [   11.096130] input: ST LIS3LV02DL Accelerometer as /devices/platform/lis3lv02d/input/input16
Nov 29 02:38:36 admin1-HP-EliteBook-Folio-9480m kernel: [   11.109997] iwlwifi 0000:08:00.0 wlo1: renamed from wlan0
Nov 29 02:38:36 admin1-HP-EliteBook-Folio-9480m kernel: [   11.157377] snd_hda_codec_realtek hdaudioC1D0: autoconfig for ALC3228: line_outs=1 (0x14/0x0/0x0/0x0/0x0) type:speaker
Nov 29 02:38:36 admin1-HP-EliteBook-Folio-9480m kernel: [   11.157379] snd_hda_codec_realtek hdaudioC1D0:    speaker_outs=0 (0x0/0x0/0x0/0x0/0x0)
Nov 29 02:38:36 admin1-HP-EliteBook-Folio-9480m kernel: [   11.157381] snd_hda_codec_realtek hdaudioC1D0:    hp_outs=1 (0x15/0x0/0x0/0x0/0x0)
Nov 29 02:38:36 admin1-HP-EliteBook-Folio-9480m kernel: [   11.157382] snd_hda_codec_realtek hdaudioC1D0:    mono: mono_out=0x0
Nov 29 02:38:36 admin1-HP-EliteBook-Folio-9480m kernel: [   11.157383] snd_hda_codec_realtek hdaudioC1D0:    inputs:
Nov 29 02:38:36 admin1-HP-EliteBook-Folio-9480m kernel: [   11.157385] snd_hda_codec_realtek hdaudioC1D0:      Mic=0x1a
Nov 29 02:38:36 admin1-HP-EliteBook-Folio-9480m kernel: [   11.157386] snd_hda_codec_realtek hdaudioC1D0:      Internal Mic=0x12
Nov 29 02:38:36 admin1-HP-EliteBook-Folio-9480m kernel: [   11.158740] input: HDA Intel HDMI HDMI/DP,pcm=3 as /devices/pci0000:00/0000:00:03.0/sound/card0/input17
Nov 29 02:38:36 admin1-HP-EliteBook-Folio-9480m kernel: [   11.158818] input: HDA Intel HDMI HDMI/DP,pcm=7 as /devices/pci0000:00/0000:00:03.0/sound/card0/input18
Nov 29 02:38:36 admin1-HP-EliteBook-Folio-9480m kernel: [   11.158879] input: HDA Intel HDMI HDMI/DP,pcm=8 as /devices/pci0000:00/0000:00:03.0/sound/card0/input19
Nov 29 02:38:36 admin1-HP-EliteBook-Folio-9480m kernel: [   11.158942] input: HDA Intel HDMI HDMI/DP,pcm=9 as /devices/pci0000:00/0000:00:03.0/sound/card0/input20
Nov 29 02:38:36 admin1-HP-EliteBook-Folio-9480m kernel: [   11.208984] input: HDA Intel PCH Mic as /devices/pci0000:00/0000:00:1b.0/sound/card1/input21
Nov 29 02:38:36 admin1-HP-EliteBook-Folio-9480m kernel: [   11.209053] input: HDA Intel PCH Headphone as /devices/pci0000:00/0000:00:1b.0/sound/card1/input22
Nov 29 02:38:36 admin1-HP-EliteBook-Folio-9480m kernel: [   11.372983] kvm: disabled by bios
Nov 29 02:38:36 admin1-HP-EliteBook-Folio-9480m kernel: [   11.409443] kvm: disabled by bios
Nov 29 02:38:36 admin1-HP-EliteBook-Folio-9480m kernel: [   11.449375] kvm: disabled by bios
Nov 29 02:38:36 admin1-HP-EliteBook-Folio-9480m kernel: [   11.489336] kvm: disabled by bios
Nov 29 02:38:36 admin1-HP-EliteBook-Folio-9480m kernel: [   11.586869] intel_rapl: Found RAPL domain package
Nov 29 02:38:36 admin1-HP-EliteBook-Folio-9480m kernel: [   11.586870] intel_rapl: Found RAPL domain core
Nov 29 02:38:36 admin1-HP-EliteBook-Folio-9480m kernel: [   11.586871] intel_rapl: Found RAPL domain uncore
Nov 29 02:38:36 admin1-HP-EliteBook-Folio-9480m kernel: [   11.586872] intel_rapl: Found RAPL domain dram
Nov 29 02:38:36 admin1-HP-EliteBook-Folio-9480m kernel: [   13.570792] audit: type=1400 audit(1574975314.895:2): apparmor="STATUS" operation="profile_load" profile="unconfined" name="/usr/bin/man" pid=567 comm="apparmor_parser"
Nov 29 02:38:36 admin1-HP-EliteBook-Folio-9480m kernel: [   13.570796] audit: type=1400 audit(1574975314.895:3): apparmor="STATUS" operation="profile_load" profile="unconfined" name="man_filter" pid=567 comm="apparmor_parser"
Nov 29 02:38:36 admin1-HP-EliteBook-Folio-9480m kernel: [   13.570799] audit: type=1400 audit(1574975314.895:4): apparmor="STATUS" operation="profile_load" profile="unconfined" name="man_groff" pid=567 comm="apparmor_parser"
Nov 29 02:38:36 admin1-HP-EliteBook-Folio-9480m kernel: [   13.629510] audit: type=1400 audit(1574975314.955:5): apparmor="STATUS" operation="profile_load" profile="unconfined" name="/usr/bin/evince" pid=565 comm="apparmor_parser"
